2021-05-24 14:21:17,316  INFO [main] LoginTest:32 - initializing browser
2021-05-24 14:21:17,316  INFO [main] LoginTest:36 - chrome browser opened
2021-05-24 14:21:20,053  INFO [main] LoginTest:54 - JBK Offline application is launched
2021-05-24 14:21:20,957  INFO [main] LoginTest:58 - maximizing browser window
2021-05-24 14:21:21,157  INFO [main] LoginTest:35 - verifying url of browser
2021-05-24 15:15:01,728  INFO [main] DashboardTest:32 - initializing browser
2021-05-24 15:15:01,736  INFO [main] DashboardTest:36 - chrome browser opened
2021-05-24 15:15:03,860  INFO [main] DashboardTest:54 - JBK Offline application is launched
2021-05-24 15:15:04,708  INFO [main] DashboardTest:58 - maximizing browser window
2021-05-24 15:15:06,154  INFO [main] DownloadTest:32 - initializing browser
2021-05-24 15:15:06,163  INFO [main] DownloadTest:36 - chrome browser opened
2021-05-24 15:15:07,388  INFO [main] DownloadTest:54 - JBK Offline application is launched
2021-05-24 15:15:08,292  INFO [main] DownloadTest:58 - maximizing browser window
2021-05-24 15:15:09,934  INFO [main] LoginTest:32 - initializing browser
2021-05-24 15:15:09,935  INFO [main] LoginTest:36 - chrome browser opened
2021-05-24 15:15:11,195  INFO [main] LoginTest:54 - JBK Offline application is launched
2021-05-24 15:15:13,240  INFO [main] LoginTest:58 - maximizing browser window
2021-05-24 15:15:13,384  INFO [main] OperatorTest:32 - initializing browser
2021-05-24 15:15:13,384  INFO [main] OperatorTest:36 - chrome browser opened
2021-05-24 15:15:14,710  INFO [main] OperatorTest:54 - JBK Offline application is launched
2021-05-24 15:15:15,308  INFO [main] OperatorTest:58 - maximizing browser window
2021-05-24 15:15:17,436  INFO [main] RegisterTest:32 - initializing browser
2021-05-24 15:15:17,436  INFO [main] RegisterTest:36 - chrome browser opened
2021-05-24 15:15:18,641  INFO [main] RegisterTest:54 - JBK Offline application is launched
2021-05-24 15:15:19,375  INFO [main] RegisterTest:58 - maximizing browser window
2021-05-24 15:15:19,765  INFO [main] UseFulLinkTest:32 - initializing browser
2021-05-24 15:15:19,766  INFO [main] UseFulLinkTest:36 - chrome browser opened
2021-05-24 15:15:21,052  INFO [main] UseFulLinkTest:54 - JBK Offline application is launched
2021-05-24 15:15:22,979  INFO [main] UseFulLinkTest:58 - maximizing browser window
2021-05-24 15:15:24,877  INFO [main] UserTest:32 - initializing browser
2021-05-24 15:15:24,878  INFO [main] UserTest:36 - chrome browser opened
2021-05-24 15:15:26,219  INFO [main] UserTest:54 - JBK Offline application is launched
2021-05-24 15:15:27,332  INFO [main] UserTest:58 - maximizing browser window
2021-05-24 15:15:29,063  INFO [main] LoginTest:35 - verifying url of browser
2021-05-24 15:15:29,151  INFO [main] DownloadTest:31 - verifying url of downloadPage
2021-05-24 15:16:20,345 DEBUG [main] cache:45 - Couldn't find template in cache for "v3html/v3-html-index.ftl"("en", UTF-8, parsed); will try to load it.
2021-05-24 15:16:20,353 DEBUG [main] cache:45 - TemplateLoader.findTemplateSource("v3html/v3-html-index_en.ftl"): Not found
2021-05-24 15:16:20,353 DEBUG [main] cache:45 - TemplateLoader.findTemplateSource("v3html/v3-html-index.ftl"): Found
2021-05-24 15:16:20,353 DEBUG [main] cache:45 - Loading template for "v3html/v3-html-index.ftl"("en", UTF-8, parsed) from "jar:file:/C:/Users/rajat/.m2/repository/com/aventstack/extentreports/4.0.0/extentreports-4.0.0.jar!/com/aventstack/extentreports/view/v3html/v3-html-index.ftl"
2021-05-24 15:16:20,673 DEBUG [main] cache:45 - Couldn't find template in cache for "v3html/v3-html-head.ftl"("en", UTF-8, parsed); will try to load it.
2021-05-24 15:16:20,673 DEBUG [main] cache:45 - TemplateLoader.findTemplateSource("v3html/v3-html-head_en.ftl"): Not found
2021-05-24 15:16:20,673 DEBUG [main] cache:45 - TemplateLoader.findTemplateSource("v3html/v3-html-head.ftl"): Found
2021-05-24 15:16:20,673 DEBUG [main] cache:45 - Loading template for "v3html/v3-html-head.ftl"("en", UTF-8, parsed) from "jar:file:/C:/Users/rajat/.m2/repository/com/aventstack/extentreports/4.0.0/extentreports-4.0.0.jar!/com/aventstack/extentreports/view/v3html/v3-html-head.ftl"
2021-05-24 15:16:20,681 DEBUG [main] cache:45 - Couldn't find template in cache for "v3html/v3-html-nav.ftl"("en", UTF-8, parsed); will try to load it.
2021-05-24 15:16:20,681 DEBUG [main] cache:45 - TemplateLoader.findTemplateSource("v3html/v3-html-nav_en.ftl"): Not found
2021-05-24 15:16:20,681 DEBUG [main] cache:45 - TemplateLoader.findTemplateSource("v3html/v3-html-nav.ftl"): Found
2021-05-24 15:16:20,681 DEBUG [main] cache:45 - Loading template for "v3html/v3-html-nav.ftl"("en", UTF-8, parsed) from "jar:file:/C:/Users/rajat/.m2/repository/com/aventstack/extentreports/4.0.0/extentreports-4.0.0.jar!/com/aventstack/extentreports/view/v3html/v3-html-nav.ftl"
2021-05-24 15:16:20,689 DEBUG [main] cache:45 - Couldn't find template in cache for "v3html/test-view/v3-html-test-view.ftl"("en", UTF-8, parsed); will try to load it.
2021-05-24 15:16:20,689 DEBUG [main] cache:45 - TemplateLoader.findTemplateSource("v3html/test-view/v3-html-test-view_en.ftl"): Not found
2021-05-24 15:16:20,689 DEBUG [main] cache:45 - TemplateLoader.findTemplateSource("v3html/test-view/v3-html-test-view.ftl"): Found
2021-05-24 15:16:20,689 DEBUG [main] cache:45 - Loading template for "v3html/test-view/v3-html-test-view.ftl"("en", UTF-8, parsed) from "jar:file:/C:/Users/rajat/.m2/repository/com/aventstack/extentreports/4.0.0/extentreports-4.0.0.jar!/com/aventstack/extentreports/view/v3html/test-view/v3-html-test-view.ftl"
2021-05-24 15:16:20,705 DEBUG [main] cache:45 - Couldn't find template in cache for "v3html/test-view/v3-html-test-view-charts.ftl"("en", UTF-8, parsed); will try to load it.
2021-05-24 15:16:20,705 DEBUG [main] cache:45 - TemplateLoader.findTemplateSource("v3html/test-view/v3-html-test-view-charts_en.ftl"): Not found
2021-05-24 15:16:20,705 DEBUG [main] cache:45 - TemplateLoader.findTemplateSource("v3html/test-view/v3-html-test-view-charts.ftl"): Found
2021-05-24 15:16:20,705 DEBUG [main] cache:45 - Loading template for "v3html/test-view/v3-html-test-view-charts.ftl"("en", UTF-8, parsed) from "jar:file:/C:/Users/rajat/.m2/repository/com/aventstack/extentreports/4.0.0/extentreports-4.0.0.jar!/com/aventstack/extentreports/view/v3html/test-view/v3-html-test-view-charts.ftl"
2021-05-24 15:16:20,721 DEBUG [main] cache:45 - Couldn't find template in cache for "v3html/test-view/v3-html-standard.ftl"("en", UTF-8, parsed); will try to load it.
2021-05-24 15:16:20,721 DEBUG [main] cache:45 - TemplateLoader.findTemplateSource("v3html/test-view/v3-html-standard_en.ftl"): Not found
2021-05-24 15:16:20,721 DEBUG [main] cache:45 - TemplateLoader.findTemplateSource("v3html/test-view/v3-html-standard.ftl"): Found
2021-05-24 15:16:20,721 DEBUG [main] cache:45 - Loading template for "v3html/test-view/v3-html-standard.ftl"("en", UTF-8, parsed) from "jar:file:/C:/Users/rajat/.m2/repository/com/aventstack/extentreports/4.0.0/extentreports-4.0.0.jar!/com/aventstack/extentreports/view/v3html/test-view/v3-html-standard.ftl"
2021-05-24 15:16:20,729 DEBUG [main] cache:45 - "v3html/test-view/v3-html-standard.ftl"("en", UTF-8, parsed) cached copy not yet stale; using cached.
2021-05-24 15:16:20,737 DEBUG [main] cache:45 - "v3html/test-view/v3-html-standard.ftl"("en", UTF-8, parsed) cached copy not yet stale; using cached.
2021-05-24 15:16:20,737 DEBUG [main] cache:45 - "v3html/test-view/v3-html-standard.ftl"("en", UTF-8, parsed) cached copy not yet stale; using cached.
2021-05-24 15:16:20,737 DEBUG [main] cache:45 - "v3html/test-view/v3-html-standard.ftl"("en", UTF-8, parsed) cached copy not yet stale; using cached.
2021-05-24 15:16:20,745 DEBUG [main] cache:45 - "v3html/test-view/v3-html-standard.ftl"("en", UTF-8, parsed) cached copy not yet stale; using cached.
2021-05-24 15:16:20,745 DEBUG [main] cache:45 - "v3html/test-view/v3-html-standard.ftl"("en", UTF-8, parsed) cached copy not yet stale; using cached.
2021-05-24 15:16:20,745 DEBUG [main] cache:45 - "v3html/test-view/v3-html-standard.ftl"("en", UTF-8, parsed) cached copy not yet stale; using cached.
2021-05-24 15:16:20,753 DEBUG [main] cache:45 - "v3html/test-view/v3-html-standard.ftl"("en", UTF-8, parsed) cached copy not yet stale; using cached.
2021-05-24 15:16:20,753 DEBUG [main] cache:45 - "v3html/test-view/v3-html-standard.ftl"("en", UTF-8, parsed) cached copy not yet stale; using cached.
2021-05-24 15:16:20,753 DEBUG [main] cache:45 - "v3html/test-view/v3-html-standard.ftl"("en", UTF-8, parsed) cached copy not yet stale; using cached.
2021-05-24 15:16:20,753 DEBUG [main] cache:45 - "v3html/test-view/v3-html-standard.ftl"("en", UTF-8, parsed) cached copy not yet stale; using cached.
2021-05-24 15:16:20,761 DEBUG [main] cache:45 - "v3html/test-view/v3-html-standard.ftl"("en", UTF-8, parsed) cached copy not yet stale; using cached.
2021-05-24 15:16:20,761 DEBUG [main] cache:45 - "v3html/test-view/v3-html-standard.ftl"("en", UTF-8, parsed) cached copy not yet stale; using cached.
2021-05-24 15:16:20,761 DEBUG [main] cache:45 - "v3html/test-view/v3-html-standard.ftl"("en", UTF-8, parsed) cached copy not yet stale; using cached.
2021-05-24 15:16:20,769 DEBUG [main] cache:45 - "v3html/test-view/v3-html-standard.ftl"("en", UTF-8, parsed) cached copy not yet stale; using cached.
2021-05-24 15:16:20,769 DEBUG [main] cache:45 - "v3html/test-view/v3-html-standard.ftl"("en", UTF-8, parsed) cached copy not yet stale; using cached.
2021-05-24 15:16:20,769 DEBUG [main] cache:45 - "v3html/test-view/v3-html-standard.ftl"("en", UTF-8, parsed) cached copy not yet stale; using cached.
2021-05-24 15:16:20,777 DEBUG [main] cache:45 - "v3html/test-view/v3-html-standard.ftl"("en", UTF-8, parsed) cached copy not yet stale; using cached.
2021-05-24 15:16:20,777 DEBUG [main] cache:45 - "v3html/test-view/v3-html-standard.ftl"("en", UTF-8, parsed) cached copy not yet stale; using cached.
2021-05-24 15:16:20,777 DEBUG [main] cache:45 - "v3html/test-view/v3-html-standard.ftl"("en", UTF-8, parsed) cached copy not yet stale; using cached.
2021-05-24 15:16:20,777 DEBUG [main] cache:45 - "v3html/test-view/v3-html-standard.ftl"("en", UTF-8, parsed) cached copy not yet stale; using cached.
2021-05-24 15:16:20,777 DEBUG [main] cache:45 - "v3html/test-view/v3-html-standard.ftl"("en", UTF-8, parsed) cached copy not yet stale; using cached.
2021-05-24 15:16:20,777 DEBUG [main] cache:45 - "v3html/test-view/v3-html-standard.ftl"("en", UTF-8, parsed) cached copy not yet stale; using cached.
2021-05-24 15:16:20,777 DEBUG [main] cache:45 - "v3html/test-view/v3-html-standard.ftl"("en", UTF-8, parsed) cached copy not yet stale; using cached.
2021-05-24 15:16:20,777 DEBUG [main] cache:45 - "v3html/test-view/v3-html-standard.ftl"("en", UTF-8, parsed) cached copy not yet stale; using cached.
2021-05-24 15:16:20,785 DEBUG [main] cache:45 - "v3html/test-view/v3-html-standard.ftl"("en", UTF-8, parsed) cached copy not yet stale; using cached.
2021-05-24 15:16:20,785 DEBUG [main] cache:45 - "v3html/test-view/v3-html-standard.ftl"("en", UTF-8, parsed) cached copy not yet stale; using cached.
2021-05-24 15:16:20,785 DEBUG [main] cache:45 - "v3html/test-view/v3-html-standard.ftl"("en", UTF-8, parsed) cached copy not yet stale; using cached.
2021-05-24 15:16:20,785 DEBUG [main] cache:45 - "v3html/test-view/v3-html-standard.ftl"("en", UTF-8, parsed) cached copy not yet stale; using cached.
2021-05-24 15:16:20,785 DEBUG [main] cache:45 - "v3html/test-view/v3-html-standard.ftl"("en", UTF-8, parsed) cached copy not yet stale; using cached.
2021-05-24 15:16:20,785 DEBUG [main] cache:45 - "v3html/test-view/v3-html-standard.ftl"("en", UTF-8, parsed) cached copy not yet stale; using cached.
2021-05-24 15:16:20,785 DEBUG [main] cache:45 - "v3html/test-view/v3-html-standard.ftl"("en", UTF-8, parsed) cached copy not yet stale; using cached.
2021-05-24 15:16:20,785 DEBUG [main] cache:45 - "v3html/test-view/v3-html-standard.ftl"("en", UTF-8, parsed) cached copy not yet stale; using cached.
2021-05-24 15:16:20,785 DEBUG [main] cache:45 - "v3html/test-view/v3-html-standard.ftl"("en", UTF-8, parsed) cached copy not yet stale; using cached.
2021-05-24 15:16:20,793 DEBUG [main] cache:45 - "v3html/test-view/v3-html-standard.ftl"("en", UTF-8, parsed) cached copy not yet stale; using cached.
2021-05-24 15:16:20,793 DEBUG [main] cache:45 - "v3html/test-view/v3-html-standard.ftl"("en", UTF-8, parsed) cached copy not yet stale; using cached.
2021-05-24 15:16:20,793 DEBUG [main] cache:45 - "v3html/test-view/v3-html-standard.ftl"("en", UTF-8, parsed) cached copy not yet stale; using cached.
2021-05-24 15:16:20,793 DEBUG [main] cache:45 - "v3html/test-view/v3-html-standard.ftl"("en", UTF-8, parsed) cached copy not yet stale; using cached.
2021-05-24 15:16:20,793 DEBUG [main] cache:45 - "v3html/test-view/v3-html-standard.ftl"("en", UTF-8, parsed) cached copy not yet stale; using cached.
2021-05-24 15:16:20,793 DEBUG [main] cache:45 - "v3html/test-view/v3-html-standard.ftl"("en", UTF-8, parsed) cached copy not yet stale; using cached.
2021-05-24 15:16:20,793 DEBUG [main] cache:45 - "v3html/test-view/v3-html-standard.ftl"("en", UTF-8, parsed) cached copy not yet stale; using cached.
2021-05-24 15:16:20,801 DEBUG [main] cache:45 - "v3html/test-view/v3-html-standard.ftl"("en", UTF-8, parsed) cached copy not yet stale; using cached.
2021-05-24 15:16:20,801 DEBUG [main] cache:45 - "v3html/test-view/v3-html-standard.ftl"("en", UTF-8, parsed) cached copy not yet stale; using cached.
2021-05-24 15:16:20,801 DEBUG [main] cache:45 - "v3html/test-view/v3-html-standard.ftl"("en", UTF-8, parsed) cached copy not yet stale; using cached.
2021-05-24 15:16:20,801 DEBUG [main] cache:45 - "v3html/test-view/v3-html-standard.ftl"("en", UTF-8, parsed) cached copy not yet stale; using cached.
2021-05-24 15:16:20,801 DEBUG [main] cache:45 - "v3html/test-view/v3-html-standard.ftl"("en", UTF-8, parsed) cached copy not yet stale; using cached.
2021-05-24 15:16:20,801 DEBUG [main] cache:45 - "v3html/test-view/v3-html-standard.ftl"("en", UTF-8, parsed) cached copy not yet stale; using cached.
2021-05-24 15:16:20,801 DEBUG [main] cache:45 - "v3html/test-view/v3-html-standard.ftl"("en", UTF-8, parsed) cached copy not yet stale; using cached.
2021-05-24 15:16:20,801 DEBUG [main] cache:45 - "v3html/test-view/v3-html-standard.ftl"("en", UTF-8, parsed) cached copy not yet stale; using cached.
2021-05-24 15:16:20,801 DEBUG [main] cache:45 - "v3html/test-view/v3-html-standard.ftl"("en", UTF-8, parsed) cached copy not yet stale; using cached.
2021-05-24 15:16:20,801 DEBUG [main] cache:45 - "v3html/test-view/v3-html-standard.ftl"("en", UTF-8, parsed) cached copy not yet stale; using cached.
2021-05-24 15:16:20,809 DEBUG [main] cache:45 - "v3html/test-view/v3-html-standard.ftl"("en", UTF-8, parsed) cached copy not yet stale; using cached.
2021-05-24 15:16:20,809 DEBUG [main] cache:45 - "v3html/test-view/v3-html-standard.ftl"("en", UTF-8, parsed) cached copy not yet stale; using cached.
2021-05-24 15:16:20,809 DEBUG [main] cache:45 - "v3html/test-view/v3-html-standard.ftl"("en", UTF-8, parsed) cached copy not yet stale; using cached.
2021-05-24 15:16:20,809 DEBUG [main] cache:45 - "v3html/test-view/v3-html-standard.ftl"("en", UTF-8, parsed) cached copy not yet stale; using cached.
2021-05-24 15:16:20,809 DEBUG [main] cache:45 - "v3html/test-view/v3-html-standard.ftl"("en", UTF-8, parsed) cached copy not yet stale; using cached.
2021-05-24 15:16:20,809 DEBUG [main] cache:45 - "v3html/test-view/v3-html-standard.ftl"("en", UTF-8, parsed) cached copy not yet stale; using cached.
2021-05-24 15:16:20,809 DEBUG [main] cache:45 - "v3html/test-view/v3-html-standard.ftl"("en", UTF-8, parsed) cached copy not yet stale; using cached.
2021-05-24 15:16:20,817 DEBUG [main] cache:45 - "v3html/test-view/v3-html-standard.ftl"("en", UTF-8, parsed) cached copy not yet stale; using cached.
2021-05-24 15:16:20,817 DEBUG [main] cache:45 - "v3html/test-view/v3-html-standard.ftl"("en", UTF-8, parsed) cached copy not yet stale; using cached.
2021-05-24 15:16:20,817 DEBUG [main] cache:45 - "v3html/test-view/v3-html-standard.ftl"("en", UTF-8, parsed) cached copy not yet stale; using cached.
2021-05-24 15:16:20,817 DEBUG [main] cache:45 - "v3html/test-view/v3-html-standard.ftl"("en", UTF-8, parsed) cached copy not yet stale; using cached.
2021-05-24 15:16:20,817 DEBUG [main] cache:45 - "v3html/test-view/v3-html-standard.ftl"("en", UTF-8, parsed) cached copy not yet stale; using cached.
2021-05-24 15:16:20,817 DEBUG [main] cache:45 - "v3html/test-view/v3-html-standard.ftl"("en", UTF-8, parsed) cached copy not yet stale; using cached.
2021-05-24 15:16:20,825 DEBUG [main] cache:45 - "v3html/test-view/v3-html-standard.ftl"("en", UTF-8, parsed) cached copy not yet stale; using cached.
2021-05-24 15:16:20,825 DEBUG [main] cache:45 - "v3html/test-view/v3-html-standard.ftl"("en", UTF-8, parsed) cached copy not yet stale; using cached.
2021-05-24 15:16:20,825 DEBUG [main] cache:45 - "v3html/test-view/v3-html-standard.ftl"("en", UTF-8, parsed) cached copy not yet stale; using cached.
2021-05-24 15:16:20,825 DEBUG [main] cache:45 - "v3html/test-view/v3-html-standard.ftl"("en", UTF-8, parsed) cached copy not yet stale; using cached.
2021-05-24 15:16:20,825 DEBUG [main] cache:45 - "v3html/test-view/v3-html-standard.ftl"("en", UTF-8, parsed) cached copy not yet stale; using cached.
2021-05-24 15:16:20,825 DEBUG [main] cache:45 - "v3html/test-view/v3-html-standard.ftl"("en", UTF-8, parsed) cached copy not yet stale; using cached.
2021-05-24 15:16:20,825 DEBUG [main] cache:45 - "v3html/test-view/v3-html-standard.ftl"("en", UTF-8, parsed) cached copy not yet stale; using cached.
2021-05-24 15:16:20,833 DEBUG [main] cache:45 - "v3html/test-view/v3-html-standard.ftl"("en", UTF-8, parsed) cached copy not yet stale; using cached.
2021-05-24 15:16:20,833 DEBUG [main] cache:45 - "v3html/test-view/v3-html-standard.ftl"("en", UTF-8, parsed) cached copy not yet stale; using cached.
2021-05-24 15:16:20,833 DEBUG [main] cache:45 - "v3html/test-view/v3-html-standard.ftl"("en", UTF-8, parsed) cached copy not yet stale; using cached.
2021-05-24 15:16:20,833 DEBUG [main] cache:45 - "v3html/test-view/v3-html-standard.ftl"("en", UTF-8, parsed) cached copy not yet stale; using cached.
2021-05-24 15:16:20,833 DEBUG [main] cache:45 - "v3html/test-view/v3-html-standard.ftl"("en", UTF-8, parsed) cached copy not yet stale; using cached.
2021-05-24 15:16:20,841 DEBUG [main] cache:45 - "v3html/test-view/v3-html-standard.ftl"("en", UTF-8, parsed) cached copy not yet stale; using cached.
2021-05-24 15:16:20,841 DEBUG [main] cache:45 - "v3html/test-view/v3-html-standard.ftl"("en", UTF-8, parsed) cached copy not yet stale; using cached.
2021-05-24 15:16:20,841 DEBUG [main] cache:45 - "v3html/test-view/v3-html-standard.ftl"("en", UTF-8, parsed) cached copy not yet stale; using cached.
2021-05-24 15:16:20,841 DEBUG [main] cache:45 - "v3html/test-view/v3-html-standard.ftl"("en", UTF-8, parsed) cached copy not yet stale; using cached.
2021-05-24 15:16:20,841 DEBUG [main] cache:45 - "v3html/test-view/v3-html-standard.ftl"("en", UTF-8, parsed) cached copy not yet stale; using cached.
2021-05-24 15:16:20,841 DEBUG [main] cache:45 - "v3html/test-view/v3-html-standard.ftl"("en", UTF-8, parsed) cached copy not yet stale; using cached.
2021-05-24 15:16:20,841 DEBUG [main] cache:45 - "v3html/test-view/v3-html-standard.ftl"("en", UTF-8, parsed) cached copy not yet stale; using cached.
2021-05-24 15:16:20,841 DEBUG [main] cache:45 - "v3html/test-view/v3-html-standard.ftl"("en", UTF-8, parsed) cached copy not yet stale; using cached.
2021-05-24 15:16:20,849 DEBUG [main] cache:45 - "v3html/test-view/v3-html-standard.ftl"("en", UTF-8, parsed) cached copy not yet stale; using cached.
2021-05-24 15:16:20,849 DEBUG [main] cache:45 - "v3html/test-view/v3-html-standard.ftl"("en", UTF-8, parsed) cached copy not yet stale; using cached.
2021-05-24 15:16:20,849 DEBUG [main] cache:45 - "v3html/test-view/v3-html-standard.ftl"("en", UTF-8, parsed) cached copy not yet stale; using cached.
2021-05-24 15:16:20,849 DEBUG [main] cache:45 - "v3html/test-view/v3-html-standard.ftl"("en", UTF-8, parsed) cached copy not yet stale; using cached.
2021-05-24 15:16:20,849 DEBUG [main] cache:45 - "v3html/test-view/v3-html-standard.ftl"("en", UTF-8, parsed) cached copy not yet stale; using cached.
2021-05-24 15:16:20,849 DEBUG [main] cache:45 - "v3html/test-view/v3-html-standard.ftl"("en", UTF-8, parsed) cached copy not yet stale; using cached.
2021-05-24 15:16:20,849 DEBUG [main] cache:45 - "v3html/test-view/v3-html-standard.ftl"("en", UTF-8, parsed) cached copy not yet stale; using cached.
2021-05-24 15:16:20,849 DEBUG [main] cache:45 - "v3html/test-view/v3-html-standard.ftl"("en", UTF-8, parsed) cached copy not yet stale; using cached.
2021-05-24 15:16:20,849 DEBUG [main] cache:45 - "v3html/test-view/v3-html-standard.ftl"("en", UTF-8, parsed) cached copy not yet stale; using cached.
2021-05-24 15:16:20,857 DEBUG [main] cache:45 - "v3html/test-view/v3-html-standard.ftl"("en", UTF-8, parsed) cached copy not yet stale; using cached.
2021-05-24 15:16:20,857 DEBUG [main] cache:45 - "v3html/test-view/v3-html-standard.ftl"("en", UTF-8, parsed) cached copy not yet stale; using cached.
2021-05-24 15:16:20,857 DEBUG [main] cache:45 - "v3html/test-view/v3-html-standard.ftl"("en", UTF-8, parsed) cached copy not yet stale; using cached.
2021-05-24 15:16:20,857 DEBUG [main] cache:45 - "v3html/test-view/v3-html-standard.ftl"("en", UTF-8, parsed) cached copy not yet stale; using cached.
2021-05-24 15:16:20,857 DEBUG [main] cache:45 - "v3html/test-view/v3-html-standard.ftl"("en", UTF-8, parsed) cached copy not yet stale; using cached.
2021-05-24 15:16:20,857 DEBUG [main] cache:45 - "v3html/test-view/v3-html-standard.ftl"("en", UTF-8, parsed) cached copy not yet stale; using cached.
2021-05-24 15:16:20,857 DEBUG [main] cache:45 - "v3html/test-view/v3-html-standard.ftl"("en", UTF-8, parsed) cached copy not yet stale; using cached.
2021-05-24 15:16:20,857 DEBUG [main] cache:45 - "v3html/test-view/v3-html-standard.ftl"("en", UTF-8, parsed) cached copy not yet stale; using cached.
2021-05-24 15:16:20,857 DEBUG [main] cache:45 - "v3html/test-view/v3-html-standard.ftl"("en", UTF-8, parsed) cached copy not yet stale; using cached.
2021-05-24 15:16:20,857 DEBUG [main] cache:45 - "v3html/test-view/v3-html-standard.ftl"("en", UTF-8, parsed) cached copy not yet stale; using cached.
2021-05-24 15:16:20,865 DEBUG [main] cache:45 - "v3html/test-view/v3-html-standard.ftl"("en", UTF-8, parsed) cached copy not yet stale; using cached.
2021-05-24 15:16:20,865 DEBUG [main] cache:45 - "v3html/test-view/v3-html-standard.ftl"("en", UTF-8, parsed) cached copy not yet stale; using cached.
2021-05-24 15:16:20,865 DEBUG [main] cache:45 - "v3html/test-view/v3-html-standard.ftl"("en", UTF-8, parsed) cached copy not yet stale; using cached.
2021-05-24 15:16:20,865 DEBUG [main] cache:45 - "v3html/test-view/v3-html-standard.ftl"("en", UTF-8, parsed) cached copy not yet stale; using cached.
2021-05-24 15:16:20,865 DEBUG [main] cache:45 - "v3html/test-view/v3-html-standard.ftl"("en", UTF-8, parsed) cached copy not yet stale; using cached.
2021-05-24 15:16:20,865 DEBUG [main] cache:45 - "v3html/test-view/v3-html-standard.ftl"("en", UTF-8, parsed) cached copy not yet stale; using cached.
2021-05-24 15:16:20,865 DEBUG [main] cache:45 - "v3html/test-view/v3-html-standard.ftl"("en", UTF-8, parsed) cached copy not yet stale; using cached.
2021-05-24 15:16:20,865 DEBUG [main] cache:45 - "v3html/test-view/v3-html-standard.ftl"("en", UTF-8, parsed) cached copy not yet stale; using cached.
2021-05-24 15:16:20,865 DEBUG [main] cache:45 - "v3html/test-view/v3-html-standard.ftl"("en", UTF-8, parsed) cached copy not yet stale; using cached.
2021-05-24 15:16:20,865 DEBUG [main] cache:45 - "v3html/test-view/v3-html-standard.ftl"("en", UTF-8, parsed) cached copy not yet stale; using cached.
2021-05-24 15:16:20,865 DEBUG [main] cache:45 - "v3html/test-view/v3-html-standard.ftl"("en", UTF-8, parsed) cached copy not yet stale; using cached.
2021-05-24 15:16:20,865 DEBUG [main] cache:45 - "v3html/test-view/v3-html-standard.ftl"("en", UTF-8, parsed) cached copy not yet stale; using cached.
2021-05-24 15:16:20,865 DEBUG [main] cache:45 - "v3html/test-view/v3-html-standard.ftl"("en", UTF-8, parsed) cached copy not yet stale; using cached.
2021-05-24 15:16:20,865 DEBUG [main] cache:45 - "v3html/test-view/v3-html-standard.ftl"("en", UTF-8, parsed) cached copy not yet stale; using cached.
2021-05-24 15:16:20,865 DEBUG [main] cache:45 - "v3html/test-view/v3-html-standard.ftl"("en", UTF-8, parsed) cached copy not yet stale; using cached.
2021-05-24 15:16:20,873 DEBUG [main] cache:45 - "v3html/test-view/v3-html-standard.ftl"("en", UTF-8, parsed) cached copy not yet stale; using cached.
2021-05-24 15:16:20,873 DEBUG [main] cache:45 - "v3html/test-view/v3-html-standard.ftl"("en", UTF-8, parsed) cached copy not yet stale; using cached.
2021-05-24 15:16:20,873 DEBUG [main] cache:45 - "v3html/test-view/v3-html-standard.ftl"("en", UTF-8, parsed) cached copy not yet stale; using cached.
2021-05-24 15:16:20,873 DEBUG [main] cache:45 - "v3html/test-view/v3-html-standard.ftl"("en", UTF-8, parsed) cached copy not yet stale; using cached.
2021-05-24 15:16:20,873 DEBUG [main] cache:45 - "v3html/test-view/v3-html-standard.ftl"("en", UTF-8, parsed) cached copy not yet stale; using cached.
2021-05-24 15:16:20,873 DEBUG [main] cache:45 - "v3html/test-view/v3-html-standard.ftl"("en", UTF-8, parsed) cached copy not yet stale; using cached.
2021-05-24 15:16:20,873 DEBUG [main] cache:45 - "v3html/test-view/v3-html-standard.ftl"("en", UTF-8, parsed) cached copy not yet stale; using cached.
2021-05-24 15:16:20,873 DEBUG [main] cache:45 - "v3html/test-view/v3-html-standard.ftl"("en", UTF-8, parsed) cached copy not yet stale; using cached.
2021-05-24 15:16:20,873 DEBUG [main] cache:45 - "v3html/test-view/v3-html-standard.ftl"("en", UTF-8, parsed) cached copy not yet stale; using cached.
2021-05-24 15:16:20,873 DEBUG [main] cache:45 - "v3html/test-view/v3-html-standard.ftl"("en", UTF-8, parsed) cached copy not yet stale; using cached.
2021-05-24 15:16:20,873 DEBUG [main] cache:45 - "v3html/test-view/v3-html-standard.ftl"("en", UTF-8, parsed) cached copy not yet stale; using cached.
2021-05-24 15:16:20,873 DEBUG [main] cache:45 - "v3html/test-view/v3-html-standard.ftl"("en", UTF-8, parsed) cached copy not yet stale; using cached.
2021-05-24 15:16:20,873 DEBUG [main] cache:45 - "v3html/test-view/v3-html-standard.ftl"("en", UTF-8, parsed) cached copy not yet stale; using cached.
2021-05-24 15:16:20,873 DEBUG [main] cache:45 - "v3html/test-view/v3-html-standard.ftl"("en", UTF-8, parsed) cached copy not yet stale; using cached.
2021-05-24 15:16:20,881 DEBUG [main] cache:45 - "v3html/test-view/v3-html-standard.ftl"("en", UTF-8, parsed) cached copy not yet stale; using cached.
2021-05-24 15:16:20,881 DEBUG [main] cache:45 - "v3html/test-view/v3-html-standard.ftl"("en", UTF-8, parsed) cached copy not yet stale; using cached.
2021-05-24 15:16:20,881 DEBUG [main] cache:45 - "v3html/test-view/v3-html-standard.ftl"("en", UTF-8, parsed) cached copy not yet stale; using cached.
2021-05-24 15:16:20,881 DEBUG [main] cache:45 - "v3html/test-view/v3-html-standard.ftl"("en", UTF-8, parsed) cached copy not yet stale; using cached.
2021-05-24 15:16:20,881 DEBUG [main] cache:45 - Couldn't find template in cache for "v3html/category-view/v3-html-category-view.ftl"("en", UTF-8, parsed); will try to load it.
2021-05-24 15:16:20,881 DEBUG [main] cache:45 - TemplateLoader.findTemplateSource("v3html/category-view/v3-html-category-view_en.ftl"): Not found
2021-05-24 15:16:20,881 DEBUG [main] cache:45 - TemplateLoader.findTemplateSource("v3html/category-view/v3-html-category-view.ftl"): Found
2021-05-24 15:16:20,881 DEBUG [main] cache:45 - Loading template for "v3html/category-view/v3-html-category-view.ftl"("en", UTF-8, parsed) from "jar:file:/C:/Users/rajat/.m2/repository/com/aventstack/extentreports/4.0.0/extentreports-4.0.0.jar!/com/aventstack/extentreports/view/v3html/category-view/v3-html-category-view.ftl"
2021-05-24 15:16:20,889 DEBUG [main] cache:45 - Couldn't find template in cache for "v3html/exception-view/v3-html-exception-view.ftl"("en", UTF-8, parsed); will try to load it.
2021-05-24 15:16:20,889 DEBUG [main] cache:45 - TemplateLoader.findTemplateSource("v3html/exception-view/v3-html-exception-view_en.ftl"): Not found
2021-05-24 15:16:20,889 DEBUG [main] cache:45 - TemplateLoader.findTemplateSource("v3html/exception-view/v3-html-exception-view.ftl"): Found
2021-05-24 15:16:20,889 DEBUG [main] cache:45 - Loading template for "v3html/exception-view/v3-html-exception-view.ftl"("en", UTF-8, parsed) from "jar:file:/C:/Users/rajat/.m2/repository/com/aventstack/extentreports/4.0.0/extentreports-4.0.0.jar!/com/aventstack/extentreports/view/v3html/exception-view/v3-html-exception-view.ftl"
2021-05-24 15:16:20,889 DEBUG [main] cache:45 - Couldn't find template in cache for "v3html/author-view/v3-html-author-view.ftl"("en", UTF-8, parsed); will try to load it.
2021-05-24 15:16:20,889 DEBUG [main] cache:45 - TemplateLoader.findTemplateSource("v3html/author-view/v3-html-author-view_en.ftl"): Not found
2021-05-24 15:16:20,889 DEBUG [main] cache:45 - TemplateLoader.findTemplateSource("v3html/author-view/v3-html-author-view.ftl"): Found
2021-05-24 15:16:20,889 DEBUG [main] cache:45 - Loading template for "v3html/author-view/v3-html-author-view.ftl"("en", UTF-8, parsed) from "jar:file:/C:/Users/rajat/.m2/repository/com/aventstack/extentreports/4.0.0/extentreports-4.0.0.jar!/com/aventstack/extentreports/view/v3html/author-view/v3-html-author-view.ftl"
2021-05-24 15:16:20,897 DEBUG [main] cache:45 - Couldn't find template in cache for "v3html/dashboard-view/v3-html-dashboard-view.ftl"("en", UTF-8, parsed); will try to load it.
2021-05-24 15:16:20,897 DEBUG [main] cache:45 - TemplateLoader.findTemplateSource("v3html/dashboard-view/v3-html-dashboard-view_en.ftl"): Not found
2021-05-24 15:16:20,897 DEBUG [main] cache:45 - TemplateLoader.findTemplateSource("v3html/dashboard-view/v3-html-dashboard-view.ftl"): Found
2021-05-24 15:16:20,897 DEBUG [main] cache:45 - Loading template for "v3html/dashboard-view/v3-html-dashboard-view.ftl"("en", UTF-8, parsed) from "jar:file:/C:/Users/rajat/.m2/repository/com/aventstack/extentreports/4.0.0/extentreports-4.0.0.jar!/com/aventstack/extentreports/view/v3html/dashboard-view/v3-html-dashboard-view.ftl"
2021-05-24 15:16:20,905 DEBUG [main] cache:45 - Couldn't find template in cache for "v3html/logs-view/v3-html-testrunner-logs-view.ftl"("en", UTF-8, parsed); will try to load it.
2021-05-24 15:16:20,905 DEBUG [main] cache:45 - TemplateLoader.findTemplateSource("v3html/logs-view/v3-html-testrunner-logs-view_en.ftl"): Not found
2021-05-24 15:16:20,905 DEBUG [main] cache:45 - TemplateLoader.findTemplateSource("v3html/logs-view/v3-html-testrunner-logs-view.ftl"): Found
2021-05-24 15:16:20,905 DEBUG [main] cache:45 - Loading template for "v3html/logs-view/v3-html-testrunner-logs-view.ftl"("en", UTF-8, parsed) from "jar:file:/C:/Users/rajat/.m2/repository/com/aventstack/extentreports/4.0.0/extentreports-4.0.0.jar!/com/aventstack/extentreports/view/v3html/logs-view/v3-html-testrunner-logs-view.ftl"
2021-05-24 15:16:20,921 DEBUG [main] cache:45 - Couldn't find template in cache for "v3html/v3-html-index.ftl"("en", UTF-8, parsed); will try to load it.
2021-05-24 15:16:20,921 DEBUG [main] cache:45 - TemplateLoader.findTemplateSource("v3html/v3-html-index_en.ftl"): Not found
2021-05-24 15:16:20,921 DEBUG [main] cache:45 - TemplateLoader.findTemplateSource("v3html/v3-html-index.ftl"): Found
2021-05-24 15:16:20,921 DEBUG [main] cache:45 - Loading template for "v3html/v3-html-index.ftl"("en", UTF-8, parsed) from "jar:file:/C:/Users/rajat/.m2/repository/com/aventstack/extentreports/4.0.0/extentreports-4.0.0.jar!/com/aventstack/extentreports/view/v3html/v3-html-index.ftl"
2021-05-24 15:16:20,929 DEBUG [main] cache:45 - Couldn't find template in cache for "v3html/v3-html-head.ftl"("en", UTF-8, parsed); will try to load it.
2021-05-24 15:16:20,929 DEBUG [main] cache:45 - TemplateLoader.findTemplateSource("v3html/v3-html-head_en.ftl"): Not found
2021-05-24 15:16:20,929 DEBUG [main] cache:45 - TemplateLoader.findTemplateSource("v3html/v3-html-head.ftl"): Found
2021-05-24 15:16:20,937 DEBUG [main] cache:45 - Loading template for "v3html/v3-html-head.ftl"("en", UTF-8, parsed) from "jar:file:/C:/Users/rajat/.m2/repository/com/aventstack/extentreports/4.0.0/extentreports-4.0.0.jar!/com/aventstack/extentreports/view/v3html/v3-html-head.ftl"
2021-05-24 15:16:20,937 DEBUG [main] cache:45 - Couldn't find template in cache for "v3html/v3-html-nav.ftl"("en", UTF-8, parsed); will try to load it.
2021-05-24 15:16:20,937 DEBUG [main] cache:45 - TemplateLoader.findTemplateSource("v3html/v3-html-nav_en.ftl"): Not found
2021-05-24 15:16:20,937 DEBUG [main] cache:45 - TemplateLoader.findTemplateSource("v3html/v3-html-nav.ftl"): Found
2021-05-24 15:16:20,937 DEBUG [main] cache:45 - Loading template for "v3html/v3-html-nav.ftl"("en", UTF-8, parsed) from "jar:file:/C:/Users/rajat/.m2/repository/com/aventstack/extentreports/4.0.0/extentreports-4.0.0.jar!/com/aventstack/extentreports/view/v3html/v3-html-nav.ftl"
2021-05-24 15:16:20,945 DEBUG [main] cache:45 - Couldn't find template in cache for "v3html/test-view/v3-html-test-view.ftl"("en", UTF-8, parsed); will try to load it.
2021-05-24 15:16:20,945 DEBUG [main] cache:45 - TemplateLoader.findTemplateSource("v3html/test-view/v3-html-test-view_en.ftl"): Not found
2021-05-24 15:16:20,945 DEBUG [main] cache:45 - TemplateLoader.findTemplateSource("v3html/test-view/v3-html-test-view.ftl"): Found
2021-05-24 15:16:20,945 DEBUG [main] cache:45 - Loading template for "v3html/test-view/v3-html-test-view.ftl"("en", UTF-8, parsed) from "jar:file:/C:/Users/rajat/.m2/repository/com/aventstack/extentreports/4.0.0/extentreports-4.0.0.jar!/com/aventstack/extentreports/view/v3html/test-view/v3-html-test-view.ftl"
2021-05-24 15:16:20,953 DEBUG [main] cache:45 - Couldn't find template in cache for "v3html/test-view/v3-html-test-view-charts.ftl"("en", UTF-8, parsed); will try to load it.
2021-05-24 15:16:20,953 DEBUG [main] cache:45 - TemplateLoader.findTemplateSource("v3html/test-view/v3-html-test-view-charts_en.ftl"): Not found
2021-05-24 15:16:20,953 DEBUG [main] cache:45 - TemplateLoader.findTemplateSource("v3html/test-view/v3-html-test-view-charts.ftl"): Found
2021-05-24 15:16:20,953 DEBUG [main] cache:45 - Loading template for "v3html/test-view/v3-html-test-view-charts.ftl"("en", UTF-8, parsed) from "jar:file:/C:/Users/rajat/.m2/repository/com/aventstack/extentreports/4.0.0/extentreports-4.0.0.jar!/com/aventstack/extentreports/view/v3html/test-view/v3-html-test-view-charts.ftl"
2021-05-24 15:16:20,961 DEBUG [main] cache:45 - Couldn't find template in cache for "v3html/test-view/v3-html-standard.ftl"("en", UTF-8, parsed); will try to load it.
2021-05-24 15:16:20,961 DEBUG [main] cache:45 - TemplateLoader.findTemplateSource("v3html/test-view/v3-html-standard_en.ftl"): Not found
2021-05-24 15:16:20,961 DEBUG [main] cache:45 - TemplateLoader.findTemplateSource("v3html/test-view/v3-html-standard.ftl"): Found
2021-05-24 15:16:20,961 DEBUG [main] cache:45 - Loading template for "v3html/test-view/v3-html-standard.ftl"("en", UTF-8, parsed) from "jar:file:/C:/Users/rajat/.m2/repository/com/aventstack/extentreports/4.0.0/extentreports-4.0.0.jar!/com/aventstack/extentreports/view/v3html/test-view/v3-html-standard.ftl"
2021-05-24 15:16:20,969 DEBUG [main] cache:45 - "v3html/test-view/v3-html-standard.ftl"("en", UTF-8, parsed) cached copy not yet stale; using cached.
2021-05-24 15:16:20,969 DEBUG [main] cache:45 - "v3html/test-view/v3-html-standard.ftl"("en", UTF-8, parsed) cached copy not yet stale; using cached.
2021-05-24 15:16:20,969 DEBUG [main] cache:45 - "v3html/test-view/v3-html-standard.ftl"("en", UTF-8, parsed) cached copy not yet stale; using cached.
2021-05-24 15:16:20,969 DEBUG [main] cache:45 - "v3html/test-view/v3-html-standard.ftl"("en", UTF-8, parsed) cached copy not yet stale; using cached.
2021-05-24 15:16:20,977 DEBUG [main] cache:45 - "v3html/test-view/v3-html-standard.ftl"("en", UTF-8, parsed) cached copy not yet stale; using cached.
2021-05-24 15:16:20,977 DEBUG [main] cache:45 - "v3html/test-view/v3-html-standard.ftl"("en", UTF-8, parsed) cached copy not yet stale; using cached.
2021-05-24 15:16:20,977 DEBUG [main] cache:45 - "v3html/test-view/v3-html-standard.ftl"("en", UTF-8, parsed) cached copy not yet stale; using cached.
2021-05-24 15:16:20,977 DEBUG [main] cache:45 - "v3html/test-view/v3-html-standard.ftl"("en", UTF-8, parsed) cached copy not yet stale; using cached.
2021-05-24 15:16:20,977 DEBUG [main] cache:45 - "v3html/test-view/v3-html-standard.ftl"("en", UTF-8, parsed) cached copy not yet stale; using cached.
2021-05-24 15:16:20,977 DEBUG [main] cache:45 - "v3html/test-view/v3-html-standard.ftl"("en", UTF-8, parsed) cached copy not yet stale; using cached.
2021-05-24 15:16:20,977 DEBUG [main] cache:45 - "v3html/test-view/v3-html-standard.ftl"("en", UTF-8, parsed) cached copy not yet stale; using cached.
2021-05-24 15:16:20,977 DEBUG [main] cache:45 - "v3html/test-view/v3-html-standard.ftl"("en", UTF-8, parsed) cached copy not yet stale; using cached.
2021-05-24 15:16:20,977 DEBUG [main] cache:45 - "v3html/test-view/v3-html-standard.ftl"("en", UTF-8, parsed) cached copy not yet stale; using cached.
2021-05-24 15:16:20,985 DEBUG [main] cache:45 - "v3html/test-view/v3-html-standard.ftl"("en", UTF-8, parsed) cached copy not yet stale; using cached.
2021-05-24 15:16:20,985 DEBUG [main] cache:45 - "v3html/test-view/v3-html-standard.ftl"("en", UTF-8, parsed) cached copy not yet stale; using cached.
2021-05-24 15:16:20,985 DEBUG [main] cache:45 - "v3html/test-view/v3-html-standard.ftl"("en", UTF-8, parsed) cached copy not yet stale; using cached.
2021-05-24 15:16:20,985 DEBUG [main] cache:45 - "v3html/test-view/v3-html-standard.ftl"("en", UTF-8, parsed) cached copy not yet stale; using cached.
2021-05-24 15:16:20,985 DEBUG [main] cache:45 - "v3html/test-view/v3-html-standard.ftl"("en", UTF-8, parsed) cached copy not yet stale; using cached.
2021-05-24 15:16:20,985 DEBUG [main] cache:45 - "v3html/test-view/v3-html-standard.ftl"("en", UTF-8, parsed) cached copy not yet stale; using cached.
2021-05-24 15:16:20,985 DEBUG [main] cache:45 - "v3html/test-view/v3-html-standard.ftl"("en", UTF-8, parsed) cached copy not yet stale; using cached.
2021-05-24 15:16:20,985 DEBUG [main] cache:45 - "v3html/test-view/v3-html-standard.ftl"("en", UTF-8, parsed) cached copy not yet stale; using cached.
2021-05-24 15:16:20,985 DEBUG [main] cache:45 - "v3html/test-view/v3-html-standard.ftl"("en", UTF-8, parsed) cached copy not yet stale; using cached.
2021-05-24 15:16:20,985 DEBUG [main] cache:45 - "v3html/test-view/v3-html-standard.ftl"("en", UTF-8, parsed) cached copy not yet stale; using cached.
2021-05-24 15:16:20,993 DEBUG [main] cache:45 - "v3html/test-view/v3-html-standard.ftl"("en", UTF-8, parsed) cached copy not yet stale; using cached.
2021-05-24 15:16:20,993 DEBUG [main] cache:45 - "v3html/test-view/v3-html-standard.ftl"("en", UTF-8, parsed) cached copy not yet stale; using cached.
2021-05-24 15:16:20,993 DEBUG [main] cache:45 - "v3html/test-view/v3-html-standard.ftl"("en", UTF-8, parsed) cached copy not yet stale; using cached.
2021-05-24 15:16:20,993 DEBUG [main] cache:45 - "v3html/test-view/v3-html-standard.ftl"("en", UTF-8, parsed) cached copy not yet stale; using cached.
2021-05-24 15:16:20,993 DEBUG [main] cache:45 - "v3html/test-view/v3-html-standard.ftl"("en", UTF-8, parsed) cached copy not yet stale; using cached.
2021-05-24 15:16:20,993 DEBUG [main] cache:45 - "v3html/test-view/v3-html-standard.ftl"("en", UTF-8, parsed) cached copy not yet stale; using cached.
2021-05-24 15:16:20,993 DEBUG [main] cache:45 - "v3html/test-view/v3-html-standard.ftl"("en", UTF-8, parsed) cached copy not yet stale; using cached.
2021-05-24 15:16:20,993 DEBUG [main] cache:45 - "v3html/test-view/v3-html-standard.ftl"("en", UTF-8, parsed) cached copy not yet stale; using cached.
2021-05-24 15:16:20,993 DEBUG [main] cache:45 - "v3html/test-view/v3-html-standard.ftl"("en", UTF-8, parsed) cached copy not yet stale; using cached.
2021-05-24 15:16:21,001 DEBUG [main] cache:45 - "v3html/test-view/v3-html-standard.ftl"("en", UTF-8, parsed) cached copy not yet stale; using cached.
2021-05-24 15:16:21,001 DEBUG [main] cache:45 - "v3html/test-view/v3-html-standard.ftl"("en", UTF-8, parsed) cached copy not yet stale; using cached.
2021-05-24 15:16:21,001 DEBUG [main] cache:45 - "v3html/test-view/v3-html-standard.ftl"("en", UTF-8, parsed) cached copy not yet stale; using cached.
2021-05-24 15:16:21,001 DEBUG [main] cache:45 - "v3html/test-view/v3-html-standard.ftl"("en", UTF-8, parsed) cached copy not yet stale; using cached.
2021-05-24 15:16:21,001 DEBUG [main] cache:45 - "v3html/test-view/v3-html-standard.ftl"("en", UTF-8, parsed) cached copy not yet stale; using cached.
2021-05-24 15:16:21,001 DEBUG [main] cache:45 - "v3html/test-view/v3-html-standard.ftl"("en", UTF-8, parsed) cached copy not yet stale; using cached.
2021-05-24 15:16:21,001 DEBUG [main] cache:45 - "v3html/test-view/v3-html-standard.ftl"("en", UTF-8, parsed) cached copy not yet stale; using cached.
2021-05-24 15:16:21,001 DEBUG [main] cache:45 - "v3html/test-view/v3-html-standard.ftl"("en", UTF-8, parsed) cached copy not yet stale; using cached.
2021-05-24 15:16:21,001 DEBUG [main] cache:45 - "v3html/test-view/v3-html-standard.ftl"("en", UTF-8, parsed) cached copy not yet stale; using cached.
2021-05-24 15:16:21,001 DEBUG [main] cache:45 - "v3html/test-view/v3-html-standard.ftl"("en", UTF-8, parsed) cached copy not yet stale; using cached.
2021-05-24 15:16:21,009 DEBUG [main] cache:45 - "v3html/test-view/v3-html-standard.ftl"("en", UTF-8, parsed) cached copy not yet stale; using cached.
2021-05-24 15:16:21,009 DEBUG [main] cache:45 - "v3html/test-view/v3-html-standard.ftl"("en", UTF-8, parsed) cached copy not yet stale; using cached.
2021-05-24 15:16:21,009 DEBUG [main] cache:45 - "v3html/test-view/v3-html-standard.ftl"("en", UTF-8, parsed) cached copy not yet stale; using cached.
2021-05-24 15:16:21,009 DEBUG [main] cache:45 - "v3html/test-view/v3-html-standard.ftl"("en", UTF-8, parsed) cached copy not yet stale; using cached.
2021-05-24 15:16:21,009 DEBUG [main] cache:45 - "v3html/test-view/v3-html-standard.ftl"("en", UTF-8, parsed) cached copy not yet stale; using cached.
2021-05-24 15:16:21,009 DEBUG [main] cache:45 - "v3html/test-view/v3-html-standard.ftl"("en", UTF-8, parsed) cached copy not yet stale; using cached.
2021-05-24 15:16:21,009 DEBUG [main] cache:45 - "v3html/test-view/v3-html-standard.ftl"("en", UTF-8, parsed) cached copy not yet stale; using cached.
2021-05-24 15:16:21,009 DEBUG [main] cache:45 - "v3html/test-view/v3-html-standard.ftl"("en", UTF-8, parsed) cached copy not yet stale; using cached.
2021-05-24 15:16:21,009 DEBUG [main] cache:45 - "v3html/test-view/v3-html-standard.ftl"("en", UTF-8, parsed) cached copy not yet stale; using cached.
2021-05-24 15:16:21,017 DEBUG [main] cache:45 - "v3html/test-view/v3-html-standard.ftl"("en", UTF-8, parsed) cached copy not yet stale; using cached.
2021-05-24 15:16:21,017 DEBUG [main] cache:45 - "v3html/test-view/v3-html-standard.ftl"("en", UTF-8, parsed) cached copy not yet stale; using cached.
2021-05-24 15:16:21,017 DEBUG [main] cache:45 - "v3html/test-view/v3-html-standard.ftl"("en", UTF-8, parsed) cached copy not yet stale; using cached.
2021-05-24 15:16:21,017 DEBUG [main] cache:45 - "v3html/test-view/v3-html-standard.ftl"("en", UTF-8, parsed) cached copy not yet stale; using cached.
2021-05-24 15:16:21,017 DEBUG [main] cache:45 - "v3html/test-view/v3-html-standard.ftl"("en", UTF-8, parsed) cached copy not yet stale; using cached.
2021-05-24 15:16:21,017 DEBUG [main] cache:45 - "v3html/test-view/v3-html-standard.ftl"("en", UTF-8, parsed) cached copy not yet stale; using cached.
2021-05-24 15:16:21,017 DEBUG [main] cache:45 - "v3html/test-view/v3-html-standard.ftl"("en", UTF-8, parsed) cached copy not yet stale; using cached.
2021-05-24 15:16:21,017 DEBUG [main] cache:45 - "v3html/test-view/v3-html-standard.ftl"("en", UTF-8, parsed) cached copy not yet stale; using cached.
2021-05-24 15:16:21,017 DEBUG [main] cache:45 - "v3html/test-view/v3-html-standard.ftl"("en", UTF-8, parsed) cached copy not yet stale; using cached.
2021-05-24 15:16:21,017 DEBUG [main] cache:45 - "v3html/test-view/v3-html-standard.ftl"("en", UTF-8, parsed) cached copy not yet stale; using cached.
2021-05-24 15:16:21,025 DEBUG [main] cache:45 - "v3html/test-view/v3-html-standard.ftl"("en", UTF-8, parsed) cached copy not yet stale; using cached.
2021-05-24 15:16:21,025 DEBUG [main] cache:45 - "v3html/test-view/v3-html-standard.ftl"("en", UTF-8, parsed) cached copy not yet stale; using cached.
2021-05-24 15:16:21,025 DEBUG [main] cache:45 - "v3html/test-view/v3-html-standard.ftl"("en", UTF-8, parsed) cached copy not yet stale; using cached.
2021-05-24 15:16:21,025 DEBUG [main] cache:45 - "v3html/test-view/v3-html-standard.ftl"("en", UTF-8, parsed) cached copy not yet stale; using cached.
2021-05-24 15:16:21,025 DEBUG [main] cache:45 - "v3html/test-view/v3-html-standard.ftl"("en", UTF-8, parsed) cached copy not yet stale; using cached.
2021-05-24 15:16:21,025 DEBUG [main] cache:45 - "v3html/test-view/v3-html-standard.ftl"("en", UTF-8, parsed) cached copy not yet stale; using cached.
2021-05-24 15:16:21,025 DEBUG [main] cache:45 - "v3html/test-view/v3-html-standard.ftl"("en", UTF-8, parsed) cached copy not yet stale; using cached.
2021-05-24 15:16:21,025 DEBUG [main] cache:45 - "v3html/test-view/v3-html-standard.ftl"("en", UTF-8, parsed) cached copy not yet stale; using cached.
2021-05-24 15:16:21,033 DEBUG [main] cache:45 - "v3html/test-view/v3-html-standard.ftl"("en", UTF-8, parsed) cached copy not yet stale; using cached.
2021-05-24 15:16:21,033 DEBUG [main] cache:45 - "v3html/test-view/v3-html-standard.ftl"("en", UTF-8, parsed) cached copy not yet stale; using cached.
2021-05-24 15:16:21,033 DEBUG [main] cache:45 - "v3html/test-view/v3-html-standard.ftl"("en", UTF-8, parsed) cached copy not yet stale; using cached.
2021-05-24 15:16:21,033 DEBUG [main] cache:45 - "v3html/test-view/v3-html-standard.ftl"("en", UTF-8, parsed) cached copy not yet stale; using cached.
2021-05-24 15:16:21,033 DEBUG [main] cache:45 - "v3html/test-view/v3-html-standard.ftl"("en", UTF-8, parsed) cached copy not yet stale; using cached.
2021-05-24 15:16:21,033 DEBUG [main] cache:45 - "v3html/test-view/v3-html-standard.ftl"("en", UTF-8, parsed) cached copy not yet stale; using cached.
2021-05-24 15:16:21,033 DEBUG [main] cache:45 - "v3html/test-view/v3-html-standard.ftl"("en", UTF-8, parsed) cached copy not yet stale; using cached.
2021-05-24 15:16:21,033 DEBUG [main] cache:45 - "v3html/test-view/v3-html-standard.ftl"("en", UTF-8, parsed) cached copy not yet stale; using cached.
2021-05-24 15:16:21,033 DEBUG [main] cache:45 - "v3html/test-view/v3-html-standard.ftl"("en", UTF-8, parsed) cached copy not yet stale; using cached.
2021-05-24 15:16:21,033 DEBUG [main] cache:45 - "v3html/test-view/v3-html-standard.ftl"("en", UTF-8, parsed) cached copy not yet stale; using cached.
2021-05-24 15:16:21,033 DEBUG [main] cache:45 - "v3html/test-view/v3-html-standard.ftl"("en", UTF-8, parsed) cached copy not yet stale; using cached.
2021-05-24 15:16:21,033 DEBUG [main] cache:45 - "v3html/test-view/v3-html-standard.ftl"("en", UTF-8, parsed) cached copy not yet stale; using cached.
2021-05-24 15:16:21,033 DEBUG [main] cache:45 - "v3html/test-view/v3-html-standard.ftl"("en", UTF-8, parsed) cached copy not yet stale; using cached.
2021-05-24 15:16:21,041 DEBUG [main] cache:45 - "v3html/test-view/v3-html-standard.ftl"("en", UTF-8, parsed) cached copy not yet stale; using cached.
2021-05-24 15:16:21,041 DEBUG [main] cache:45 - "v3html/test-view/v3-html-standard.ftl"("en", UTF-8, parsed) cached copy not yet stale; using cached.
2021-05-24 15:16:21,041 DEBUG [main] cache:45 - "v3html/test-view/v3-html-standard.ftl"("en", UTF-8, parsed) cached copy not yet stale; using cached.
2021-05-24 15:16:21,041 DEBUG [main] cache:45 - "v3html/test-view/v3-html-standard.ftl"("en", UTF-8, parsed) cached copy not yet stale; using cached.
2021-05-24 15:16:21,041 DEBUG [main] cache:45 - "v3html/test-view/v3-html-standard.ftl"("en", UTF-8, parsed) cached copy not yet stale; using cached.
2021-05-24 15:16:21,041 DEBUG [main] cache:45 - "v3html/test-view/v3-html-standard.ftl"("en", UTF-8, parsed) cached copy not yet stale; using cached.
2021-05-24 15:16:21,041 DEBUG [main] cache:45 - "v3html/test-view/v3-html-standard.ftl"("en", UTF-8, parsed) cached copy not yet stale; using cached.
2021-05-24 15:16:21,041 DEBUG [main] cache:45 - "v3html/test-view/v3-html-standard.ftl"("en", UTF-8, parsed) cached copy not yet stale; using cached.
2021-05-24 15:16:21,041 DEBUG [main] cache:45 - "v3html/test-view/v3-html-standard.ftl"("en", UTF-8, parsed) cached copy not yet stale; using cached.
2021-05-24 15:16:21,041 DEBUG [main] cache:45 - "v3html/test-view/v3-html-standard.ftl"("en", UTF-8, parsed) cached copy not yet stale; using cached.
2021-05-24 15:16:21,041 DEBUG [main] cache:45 - "v3html/test-view/v3-html-standard.ftl"("en", UTF-8, parsed) cached copy not yet stale; using cached.
2021-05-24 15:16:21,041 DEBUG [main] cache:45 - "v3html/test-view/v3-html-standard.ftl"("en", UTF-8, parsed) cached copy not yet stale; using cached.
2021-05-24 15:16:21,049 DEBUG [main] cache:45 - "v3html/test-view/v3-html-standard.ftl"("en", UTF-8, parsed) cached copy not yet stale; using cached.
2021-05-24 15:16:21,049 DEBUG [main] cache:45 - "v3html/test-view/v3-html-standard.ftl"("en", UTF-8, parsed) cached copy not yet stale; using cached.
2021-05-24 15:16:21,049 DEBUG [main] cache:45 - "v3html/test-view/v3-html-standard.ftl"("en", UTF-8, parsed) cached copy not yet stale; using cached.
2021-05-24 15:16:21,049 DEBUG [main] cache:45 - "v3html/test-view/v3-html-standard.ftl"("en", UTF-8, parsed) cached copy not yet stale; using cached.
2021-05-24 15:16:21,049 DEBUG [main] cache:45 - "v3html/test-view/v3-html-standard.ftl"("en", UTF-8, parsed) cached copy not yet stale; using cached.
2021-05-24 15:16:21,049 DEBUG [main] cache:45 - "v3html/test-view/v3-html-standard.ftl"("en", UTF-8, parsed) cached copy not yet stale; using cached.
2021-05-24 15:16:21,049 DEBUG [main] cache:45 - "v3html/test-view/v3-html-standard.ftl"("en", UTF-8, parsed) cached copy not yet stale; using cached.
2021-05-24 15:16:21,049 DEBUG [main] cache:45 - "v3html/test-view/v3-html-standard.ftl"("en", UTF-8, parsed) cached copy not yet stale; using cached.
2021-05-24 15:16:21,049 DEBUG [main] cache:45 - "v3html/test-view/v3-html-standard.ftl"("en", UTF-8, parsed) cached copy not yet stale; using cached.
2021-05-24 15:16:21,049 DEBUG [main] cache:45 - "v3html/test-view/v3-html-standard.ftl"("en", UTF-8, parsed) cached copy not yet stale; using cached.
2021-05-24 15:16:21,049 DEBUG [main] cache:45 - "v3html/test-view/v3-html-standard.ftl"("en", UTF-8, parsed) cached copy not yet stale; using cached.
2021-05-24 15:16:21,057 DEBUG [main] cache:45 - "v3html/test-view/v3-html-standard.ftl"("en", UTF-8, parsed) cached copy not yet stale; using cached.
2021-05-24 15:16:21,057 DEBUG [main] cache:45 - "v3html/test-view/v3-html-standard.ftl"("en", UTF-8, parsed) cached copy not yet stale; using cached.
2021-05-24 15:16:21,057 DEBUG [main] cache:45 - "v3html/test-view/v3-html-standard.ftl"("en", UTF-8, parsed) cached copy not yet stale; using cached.
2021-05-24 15:16:21,057 DEBUG [main] cache:45 - "v3html/test-view/v3-html-standard.ftl"("en", UTF-8, parsed) cached copy not yet stale; using cached.
2021-05-24 15:16:21,057 DEBUG [main] cache:45 - "v3html/test-view/v3-html-standard.ftl"("en", UTF-8, parsed) cached copy not yet stale; using cached.
2021-05-24 15:16:21,057 DEBUG [main] cache:45 - "v3html/test-view/v3-html-standard.ftl"("en", UTF-8, parsed) cached copy not yet stale; using cached.
2021-05-24 15:16:21,057 DEBUG [main] cache:45 - "v3html/test-view/v3-html-standard.ftl"("en", UTF-8, parsed) cached copy not yet stale; using cached.
2021-05-24 15:16:21,057 DEBUG [main] cache:45 - "v3html/test-view/v3-html-standard.ftl"("en", UTF-8, parsed) cached copy not yet stale; using cached.
2021-05-24 15:16:21,057 DEBUG [main] cache:45 - "v3html/test-view/v3-html-standard.ftl"("en", UTF-8, parsed) cached copy not yet stale; using cached.
2021-05-24 15:16:21,057 DEBUG [main] cache:45 - "v3html/test-view/v3-html-standard.ftl"("en", UTF-8, parsed) cached copy not yet stale; using cached.
2021-05-24 15:16:21,065 DEBUG [main] cache:45 - "v3html/test-view/v3-html-standard.ftl"("en", UTF-8, parsed) cached copy not yet stale; using cached.
2021-05-24 15:16:21,065 DEBUG [main] cache:45 - "v3html/test-view/v3-html-standard.ftl"("en", UTF-8, parsed) cached copy not yet stale; using cached.
2021-05-24 15:16:21,065 DEBUG [main] cache:45 - "v3html/test-view/v3-html-standard.ftl"("en", UTF-8, parsed) cached copy not yet stale; using cached.
2021-05-24 15:16:21,065 DEBUG [main] cache:45 - "v3html/test-view/v3-html-standard.ftl"("en", UTF-8, parsed) cached copy not yet stale; using cached.
2021-05-24 15:16:21,065 DEBUG [main] cache:45 - "v3html/test-view/v3-html-standard.ftl"("en", UTF-8, parsed) cached copy not yet stale; using cached.
2021-05-24 15:16:21,065 DEBUG [main] cache:45 - "v3html/test-view/v3-html-standard.ftl"("en", UTF-8, parsed) cached copy not yet stale; using cached.
2021-05-24 15:16:21,065 DEBUG [main] cache:45 - "v3html/test-view/v3-html-standard.ftl"("en", UTF-8, parsed) cached copy not yet stale; using cached.
2021-05-24 15:16:21,065 DEBUG [main] cache:45 - "v3html/test-view/v3-html-standard.ftl"("en", UTF-8, parsed) cached copy not yet stale; using cached.
2021-05-24 15:16:21,065 DEBUG [main] cache:45 - "v3html/test-view/v3-html-standard.ftl"("en", UTF-8, parsed) cached copy not yet stale; using cached.
2021-05-24 15:16:21,065 DEBUG [main] cache:45 - "v3html/test-view/v3-html-standard.ftl"("en", UTF-8, parsed) cached copy not yet stale; using cached.
2021-05-24 15:16:21,074 DEBUG [main] cache:45 - "v3html/test-view/v3-html-standard.ftl"("en", UTF-8, parsed) cached copy not yet stale; using cached.
2021-05-24 15:16:21,074 DEBUG [main] cache:45 - "v3html/test-view/v3-html-standard.ftl"("en", UTF-8, parsed) cached copy not yet stale; using cached.
2021-05-24 15:16:21,075 DEBUG [main] cache:45 - "v3html/test-view/v3-html-standard.ftl"("en", UTF-8, parsed) cached copy not yet stale; using cached.
2021-05-24 15:16:21,075 DEBUG [main] cache:45 - "v3html/test-view/v3-html-standard.ftl"("en", UTF-8, parsed) cached copy not yet stale; using cached.
2021-05-24 15:16:21,075 DEBUG [main] cache:45 - "v3html/test-view/v3-html-standard.ftl"("en", UTF-8, parsed) cached copy not yet stale; using cached.
2021-05-24 15:16:21,075 DEBUG [main] cache:45 - "v3html/test-view/v3-html-standard.ftl"("en", UTF-8, parsed) cached copy not yet stale; using cached.
2021-05-24 15:16:21,075 DEBUG [main] cache:45 - "v3html/test-view/v3-html-standard.ftl"("en", UTF-8, parsed) cached copy not yet stale; using cached.
2021-05-24 15:16:21,075 DEBUG [main] cache:45 - "v3html/test-view/v3-html-standard.ftl"("en", UTF-8, parsed) cached copy not yet stale; using cached.
2021-05-24 15:16:21,075 DEBUG [main] cache:45 - "v3html/test-view/v3-html-standard.ftl"("en", UTF-8, parsed) cached copy not yet stale; using cached.
2021-05-24 15:16:21,075 DEBUG [main] cache:45 - "v3html/test-view/v3-html-standard.ftl"("en", UTF-8, parsed) cached copy not yet stale; using cached.
2021-05-24 15:16:21,075 DEBUG [main] cache:45 - "v3html/test-view/v3-html-standard.ftl"("en", UTF-8, parsed) cached copy not yet stale; using cached.
2021-05-24 15:16:21,075 DEBUG [main] cache:45 - Couldn't find template in cache for "v3html/category-view/v3-html-category-view.ftl"("en", UTF-8, parsed); will try to load it.
2021-05-24 15:16:21,075 DEBUG [main] cache:45 - TemplateLoader.findTemplateSource("v3html/category-view/v3-html-category-view_en.ftl"): Not found
2021-05-24 15:16:21,075 DEBUG [main] cache:45 - TemplateLoader.findTemplateSource("v3html/category-view/v3-html-category-view.ftl"): Found
2021-05-24 15:16:21,075 DEBUG [main] cache:45 - Loading template for "v3html/category-view/v3-html-category-view.ftl"("en", UTF-8, parsed) from "jar:file:/C:/Users/rajat/.m2/repository/com/aventstack/extentreports/4.0.0/extentreports-4.0.0.jar!/com/aventstack/extentreports/view/v3html/category-view/v3-html-category-view.ftl"
2021-05-24 15:16:21,083 DEBUG [main] cache:45 - Couldn't find template in cache for "v3html/exception-view/v3-html-exception-view.ftl"("en", UTF-8, parsed); will try to load it.
2021-05-24 15:16:21,083 DEBUG [main] cache:45 - TemplateLoader.findTemplateSource("v3html/exception-view/v3-html-exception-view_en.ftl"): Not found
2021-05-24 15:16:21,083 DEBUG [main] cache:45 - TemplateLoader.findTemplateSource("v3html/exception-view/v3-html-exception-view.ftl"): Found
2021-05-24 15:16:21,083 DEBUG [main] cache:45 - Loading template for "v3html/exception-view/v3-html-exception-view.ftl"("en", UTF-8, parsed) from "jar:file:/C:/Users/rajat/.m2/repository/com/aventstack/extentreports/4.0.0/extentreports-4.0.0.jar!/com/aventstack/extentreports/view/v3html/exception-view/v3-html-exception-view.ftl"
2021-05-24 15:16:21,083 DEBUG [main] cache:45 - Couldn't find template in cache for "v3html/author-view/v3-html-author-view.ftl"("en", UTF-8, parsed); will try to load it.
2021-05-24 15:16:21,083 DEBUG [main] cache:45 - TemplateLoader.findTemplateSource("v3html/author-view/v3-html-author-view_en.ftl"): Not found
2021-05-24 15:16:21,083 DEBUG [main] cache:45 - TemplateLoader.findTemplateSource("v3html/author-view/v3-html-author-view.ftl"): Found
2021-05-24 15:16:21,091 DEBUG [main] cache:45 - Loading template for "v3html/author-view/v3-html-author-view.ftl"("en", UTF-8, parsed) from "jar:file:/C:/Users/rajat/.m2/repository/com/aventstack/extentreports/4.0.0/extentreports-4.0.0.jar!/com/aventstack/extentreports/view/v3html/author-view/v3-html-author-view.ftl"
2021-05-24 15:16:21,091 DEBUG [main] cache:45 - Couldn't find template in cache for "v3html/dashboard-view/v3-html-dashboard-view.ftl"("en", UTF-8, parsed); will try to load it.
2021-05-24 15:16:21,091 DEBUG [main] cache:45 - TemplateLoader.findTemplateSource("v3html/dashboard-view/v3-html-dashboard-view_en.ftl"): Not found
2021-05-24 15:16:21,091 DEBUG [main] cache:45 - TemplateLoader.findTemplateSource("v3html/dashboard-view/v3-html-dashboard-view.ftl"): Found
2021-05-24 15:16:21,091 DEBUG [main] cache:45 - Loading template for "v3html/dashboard-view/v3-html-dashboard-view.ftl"("en", UTF-8, parsed) from "jar:file:/C:/Users/rajat/.m2/repository/com/aventstack/extentreports/4.0.0/extentreports-4.0.0.jar!/com/aventstack/extentreports/view/v3html/dashboard-view/v3-html-dashboard-view.ftl"
2021-05-24 15:16:21,099 DEBUG [main] cache:45 - Couldn't find template in cache for "v3html/logs-view/v3-html-testrunner-logs-view.ftl"("en", UTF-8, parsed); will try to load it.
2021-05-24 15:16:21,099 DEBUG [main] cache:45 - TemplateLoader.findTemplateSource("v3html/logs-view/v3-html-testrunner-logs-view_en.ftl"): Not found
2021-05-24 15:16:21,099 DEBUG [main] cache:45 - TemplateLoader.findTemplateSource("v3html/logs-view/v3-html-testrunner-logs-view.ftl"): Found
2021-05-24 15:16:21,099 DEBUG [main] cache:45 - Loading template for "v3html/logs-view/v3-html-testrunner-logs-view.ftl"("en", UTF-8, parsed) from "jar:file:/C:/Users/rajat/.m2/repository/com/aventstack/extentreports/4.0.0/extentreports-4.0.0.jar!/com/aventstack/extentreports/view/v3html/logs-view/v3-html-testrunner-logs-view.ftl"
2021-05-24 15:20:13,720  INFO [main] DashboardTest:32 - initializing browser
2021-05-24 15:20:13,720  INFO [main] DashboardTest:36 - chrome browser opened
2021-05-24 15:20:16,108  INFO [main] DashboardTest:54 - JBK Offline application is launched
2021-05-24 15:20:16,838  INFO [main] DashboardTest:58 - maximizing browser window
2021-05-24 15:25:10,029  INFO [main] AddUserTest:32 - initializing browser
2021-05-24 15:25:10,037  INFO [main] AddUserTest:36 - chrome browser opened
2021-05-24 15:25:12,322  INFO [main] AddUserTest:54 - JBK Offline application is launched
2021-05-24 15:25:13,297  INFO [main] AddUserTest:58 - maximizing browser window
2021-05-24 15:25:15,091  INFO [main] DashboardTest:32 - initializing browser
2021-05-24 15:25:15,093  INFO [main] DashboardTest:36 - chrome browser opened
2021-05-24 15:25:16,355  INFO [main] DashboardTest:54 - JBK Offline application is launched
2021-05-24 15:25:17,145  INFO [main] DashboardTest:58 - maximizing browser window
2021-05-24 15:25:18,803  INFO [main] DownloadTest:32 - initializing browser
2021-05-24 15:25:18,811  INFO [main] DownloadTest:36 - chrome browser opened
2021-05-24 15:25:20,004  INFO [main] DownloadTest:54 - JBK Offline application is launched
2021-05-24 15:25:20,708  INFO [main] DownloadTest:58 - maximizing browser window
2021-05-24 15:25:22,638  INFO [main] LoginTest:32 - initializing browser
2021-05-24 15:25:22,639  INFO [main] LoginTest:36 - chrome browser opened
2021-05-24 15:25:23,833  INFO [main] LoginTest:54 - JBK Offline application is launched
2021-05-24 15:25:24,698  INFO [main] LoginTest:58 - maximizing browser window
2021-05-24 15:25:24,839  INFO [main] OperatorTest:32 - initializing browser
2021-05-24 15:25:24,841  INFO [main] OperatorTest:36 - chrome browser opened
2021-05-24 15:25:26,141  INFO [main] OperatorTest:54 - JBK Offline application is launched
2021-05-24 15:25:27,092  INFO [main] OperatorTest:58 - maximizing browser window
2021-05-24 15:25:28,732  INFO [main] RegisterTest:32 - initializing browser
2021-05-24 15:25:28,733  INFO [main] RegisterTest:36 - chrome browser opened
2021-05-24 15:25:30,014  INFO [main] RegisterTest:54 - JBK Offline application is launched
2021-05-24 15:25:31,048  INFO [main] RegisterTest:58 - maximizing browser window
2021-05-24 15:25:31,400  INFO [main] UseFulLinkTest:32 - initializing browser
2021-05-24 15:25:31,400  INFO [main] UseFulLinkTest:36 - chrome browser opened
2021-05-24 15:25:32,705  INFO [main] UseFulLinkTest:54 - JBK Offline application is launched
2021-05-24 15:25:33,372  INFO [main] UseFulLinkTest:58 - maximizing browser window
2021-05-24 15:25:35,683  INFO [main] UserTest:32 - initializing browser
2021-05-24 15:25:35,685  INFO [main] UserTest:36 - chrome browser opened
2021-05-24 15:25:36,871  INFO [main] UserTest:54 - JBK Offline application is launched
2021-05-24 15:25:38,019  INFO [main] UserTest:58 - maximizing browser window
2021-05-24 15:25:53,072  INFO [main] DownloadTest:31 - verifying url of downloadPage
2021-05-24 15:25:56,833  INFO [main] LoginTest:35 - verifying url of browser
2021-05-25 07:38:27,455  INFO [main] AddUserTest:32 - initializing browser
2021-05-25 07:38:27,460  INFO [main] AddUserTest:36 - chrome browser opened
2021-05-25 07:38:29,601  INFO [main] AddUserTest:54 - JBK Offline application is launched
2021-05-25 07:38:30,177  INFO [main] AddUserTest:58 - maximizing browser window
2021-05-25 07:38:31,761  INFO [main] DashboardTest:32 - initializing browser
2021-05-25 07:38:31,763  INFO [main] DashboardTest:36 - chrome browser opened
2021-05-25 07:38:32,879  INFO [main] DashboardTest:54 - JBK Offline application is launched
2021-05-25 07:38:33,386  INFO [main] DashboardTest:58 - maximizing browser window
2021-05-25 07:38:34,380  INFO [main] DownloadTest:32 - initializing browser
2021-05-25 07:38:34,381  INFO [main] DownloadTest:36 - chrome browser opened
2021-05-25 07:38:35,538  INFO [main] DownloadTest:54 - JBK Offline application is launched
2021-05-25 07:38:36,039  INFO [main] DownloadTest:58 - maximizing browser window
2021-05-25 07:38:37,442  INFO [main] LoginTest:32 - initializing browser
2021-05-25 07:38:37,444  INFO [main] LoginTest:36 - chrome browser opened
2021-05-25 07:38:39,507  INFO [main] LoginTest:54 - JBK Offline application is launched
2021-05-25 07:38:40,223  INFO [main] LoginTest:58 - maximizing browser window
2021-05-25 07:38:40,415  INFO [main] OperatorTest:32 - initializing browser
2021-05-25 07:38:40,417  INFO [main] OperatorTest:36 - chrome browser opened
2021-05-25 07:38:41,985  INFO [main] OperatorTest:54 - JBK Offline application is launched
2021-05-25 07:38:42,841  INFO [main] OperatorTest:58 - maximizing browser window
2021-05-25 07:38:44,619  INFO [main] RegisterTest:32 - initializing browser
2021-05-25 07:38:44,621  INFO [main] RegisterTest:36 - chrome browser opened
2021-05-25 07:38:45,805  INFO [main] RegisterTest:54 - JBK Offline application is launched
2021-05-25 07:38:46,292  INFO [main] RegisterTest:58 - maximizing browser window
2021-05-25 07:38:46,621  INFO [main] UseFulLinkTest:32 - initializing browser
2021-05-25 07:38:46,623  INFO [main] UseFulLinkTest:36 - chrome browser opened
2021-05-25 07:38:47,723  INFO [main] UseFulLinkTest:54 - JBK Offline application is launched
2021-05-25 07:38:48,269  INFO [main] UseFulLinkTest:58 - maximizing browser window
2021-05-25 07:38:51,452  INFO [main] UserTest:32 - initializing browser
2021-05-25 07:38:51,454  INFO [main] UserTest:36 - chrome browser opened
2021-05-25 07:38:52,621  INFO [main] UserTest:54 - JBK Offline application is launched
2021-05-25 07:38:53,133  INFO [main] UserTest:58 - maximizing browser window
2021-05-25 07:39:06,680  INFO [main] DownloadTest:31 - verifying url of downloadPage
2021-05-25 07:39:09,221  INFO [main] LoginTest:35 - verifying url of browser
2021-05-26 12:01:11,014  INFO [main] LoginTest:32 - initializing browser
2021-05-26 12:01:11,018  INFO [main] LoginTest:36 - chrome browser opened
2021-05-26 12:01:13,802  INFO [main] LoginTest:54 - JBK Offline application is launched
2021-05-26 12:01:14,586  INFO [main] LoginTest:58 - maximizing browser window
2021-05-26 12:01:14,822  INFO [main] LoginTest:35 - verifying url of browser
2021-05-26 12:12:24,177  INFO [main] DashboardTest:32 - initializing browser
2021-05-26 12:12:24,180  INFO [main] DashboardTest:36 - chrome browser opened
2021-05-26 12:12:26,204  INFO [main] DashboardTest:54 - JBK Offline application is launched
2021-05-26 12:12:26,788  INFO [main] DashboardTest:58 - maximizing browser window
2021-05-26 12:12:27,944  INFO [main] DownloadTest:32 - initializing browser
2021-05-26 12:12:27,946  INFO [main] DownloadTest:36 - chrome browser opened
2021-05-26 12:12:29,359  INFO [main] DownloadTest:54 - JBK Offline application is launched
2021-05-26 12:12:30,000  INFO [main] DownloadTest:58 - maximizing browser window
2021-05-26 12:12:31,559  INFO [main] LoginTest:32 - initializing browser
2021-05-26 12:12:31,563  INFO [main] LoginTest:36 - chrome browser opened
2021-05-26 12:12:32,925  INFO [main] LoginTest:54 - JBK Offline application is launched
2021-05-26 12:12:33,669  INFO [main] LoginTest:58 - maximizing browser window
2021-05-26 12:12:33,815  INFO [main] OperatorTest:32 - initializing browser
2021-05-26 12:12:33,817  INFO [main] OperatorTest:36 - chrome browser opened
2021-05-26 12:12:35,222  INFO [main] OperatorTest:54 - JBK Offline application is launched
2021-05-26 12:12:36,008  INFO [main] OperatorTest:58 - maximizing browser window
2021-05-26 12:12:37,768  INFO [main] RegisterTest:32 - initializing browser
2021-05-26 12:12:37,770  INFO [main] RegisterTest:36 - chrome browser opened
2021-05-26 12:12:39,270  INFO [main] RegisterTest:54 - JBK Offline application is launched
2021-05-26 12:12:40,074  INFO [main] RegisterTest:58 - maximizing browser window
2021-05-26 12:12:40,479  INFO [main] UseFulLinkTest:32 - initializing browser
2021-05-26 12:12:40,482  INFO [main] UseFulLinkTest:36 - chrome browser opened
2021-05-26 12:12:42,250  INFO [main] UseFulLinkTest:54 - JBK Offline application is launched
2021-05-26 12:12:43,137  INFO [main] UseFulLinkTest:58 - maximizing browser window
2021-05-26 12:12:44,520  INFO [main] UserTest:32 - initializing browser
2021-05-26 12:12:44,523  INFO [main] UserTest:36 - chrome browser opened
2021-05-26 12:12:45,769  INFO [main] UserTest:54 - JBK Offline application is launched
2021-05-26 12:12:46,402  INFO [main] UserTest:58 - maximizing browser window
2021-05-26 12:12:48,129  INFO [main] LoginTest:35 - verifying url of browser
2021-05-27 07:10:49,036  INFO [main] DashboardTest:32 - initializing browser
2021-05-27 07:10:49,041  INFO [main] DashboardTest:36 - chrome browser opened
2021-05-27 07:10:51,834  INFO [main] DashboardTest:54 - JBK Offline application is launched
2021-05-27 07:10:52,329  INFO [main] DashboardTest:58 - maximizing browser window
2021-05-27 07:11:22,462  INFO [main] DashboardTest:32 - initializing browser
2021-05-27 07:11:22,467  INFO [main] DashboardTest:36 - chrome browser opened
2021-05-27 07:11:24,447  INFO [main] DashboardTest:54 - JBK Offline application is launched
2021-05-27 07:11:24,958  INFO [main] DashboardTest:58 - maximizing browser window
2021-05-27 07:11:56,936  INFO [main] LoginTest:32 - initializing browser
2021-05-27 07:11:56,939  INFO [main] LoginTest:36 - chrome browser opened
2021-05-27 07:11:58,878  INFO [main] LoginTest:54 - JBK Offline application is launched
2021-05-27 07:11:59,481  INFO [main] LoginTest:58 - maximizing browser window
2021-05-27 07:11:59,679  INFO [main] LoginTest:35 - verifying url of browser
2021-05-27 07:12:22,779  INFO [main] DashboardTest:32 - initializing browser
2021-05-27 07:12:22,783  INFO [main] DashboardTest:36 - chrome browser opened
2021-05-27 07:12:24,670  INFO [main] DashboardTest:54 - JBK Offline application is launched
2021-05-27 07:12:25,189  INFO [main] DashboardTest:58 - maximizing browser window
2021-05-27 07:13:05,652  INFO [main] AddUserTest:32 - initializing browser
2021-05-27 07:13:05,655  INFO [main] AddUserTest:36 - chrome browser opened
2021-05-27 07:13:07,522  INFO [main] AddUserTest:54 - JBK Offline application is launched
2021-05-27 07:13:08,038  INFO [main] AddUserTest:58 - maximizing browser window
2021-05-27 07:13:33,255  INFO [main] RegisterTest:32 - initializing browser
2021-05-27 07:13:33,258  INFO [main] RegisterTest:36 - chrome browser opened
2021-05-27 07:13:35,153  INFO [main] RegisterTest:54 - JBK Offline application is launched
2021-05-27 07:13:35,699  INFO [main] RegisterTest:58 - maximizing browser window
2021-05-27 07:13:53,739  INFO [main] UseFulLinkTest:32 - initializing browser
2021-05-27 07:13:53,743  INFO [main] UseFulLinkTest:36 - chrome browser opened
2021-05-27 07:13:55,770  INFO [main] UseFulLinkTest:54 - JBK Offline application is launched
2021-05-27 07:13:56,311  INFO [main] UseFulLinkTest:58 - maximizing browser window
2021-05-27 07:14:39,496  INFO [main] UserTest:32 - initializing browser
2021-05-27 07:14:39,500  INFO [main] UserTest:36 - chrome browser opened
2021-05-27 07:14:41,519  INFO [main] UserTest:54 - JBK Offline application is launched
2021-05-27 07:14:42,064  INFO [main] UserTest:58 - maximizing browser window
2021-05-27 07:15:15,223  INFO [main] OperatorTest:32 - initializing browser
2021-05-27 07:15:15,228  INFO [main] OperatorTest:36 - chrome browser opened
2021-05-27 07:15:17,224  INFO [main] OperatorTest:54 - JBK Offline application is launched
2021-05-27 07:15:17,846  INFO [main] OperatorTest:58 - maximizing browser window
2021-05-27 07:15:51,004  INFO [main] DownloadTest:32 - initializing browser
2021-05-27 07:15:51,008  INFO [main] DownloadTest:36 - chrome browser opened
2021-05-27 07:15:52,918  INFO [main] DownloadTest:54 - JBK Offline application is launched
2021-05-27 07:15:53,417  INFO [main] DownloadTest:58 - maximizing browser window
2021-05-27 07:15:54,935  INFO [main] DownloadTest:31 - verifying url of downloadPage
2021-05-27 07:17:46,756  INFO [main] DashboardTest:32 - initializing browser
2021-05-27 07:17:46,760  INFO [main] DashboardTest:36 - chrome browser opened
2021-05-27 07:17:48,323  INFO [main] DashboardTest:54 - JBK Offline application is launched
2021-05-27 07:17:48,966  INFO [main] DashboardTest:58 - maximizing browser window
2021-05-27 07:17:50,120  INFO [main] DownloadTest:32 - initializing browser
2021-05-27 07:17:50,123  INFO [main] DownloadTest:36 - chrome browser opened
2021-05-27 07:17:51,327  INFO [main] DownloadTest:54 - JBK Offline application is launched
2021-05-27 07:17:51,834  INFO [main] DownloadTest:58 - maximizing browser window
2021-05-27 07:17:53,119  INFO [main] LoginTest:32 - initializing browser
2021-05-27 07:17:53,120  INFO [main] LoginTest:36 - chrome browser opened
2021-05-27 07:17:54,334  INFO [main] LoginTest:54 - JBK Offline application is launched
2021-05-27 07:17:54,854  INFO [main] LoginTest:58 - maximizing browser window
2021-05-27 07:17:54,985  INFO [main] OperatorTest:32 - initializing browser
2021-05-27 07:17:54,986  INFO [main] OperatorTest:36 - chrome browser opened
2021-05-27 07:17:56,205  INFO [main] OperatorTest:54 - JBK Offline application is launched
2021-05-27 07:17:56,716  INFO [main] OperatorTest:58 - maximizing browser window
2021-05-27 07:17:58,042  INFO [main] RegisterTest:32 - initializing browser
2021-05-27 07:17:58,044  INFO [main] RegisterTest:36 - chrome browser opened
2021-05-27 07:17:59,217  INFO [main] RegisterTest:54 - JBK Offline application is launched
2021-05-27 07:17:59,709  INFO [main] RegisterTest:58 - maximizing browser window
2021-05-27 07:18:00,071  INFO [main] UseFulLinkTest:32 - initializing browser
2021-05-27 07:18:00,072  INFO [main] UseFulLinkTest:36 - chrome browser opened
2021-05-27 07:18:01,217  INFO [main] UseFulLinkTest:54 - JBK Offline application is launched
2021-05-27 07:18:01,783  INFO [main] UseFulLinkTest:58 - maximizing browser window
2021-05-27 07:18:03,074  INFO [main] UserTest:32 - initializing browser
2021-05-27 07:18:03,075  INFO [main] UserTest:36 - chrome browser opened
2021-05-27 07:18:04,331  INFO [main] UserTest:54 - JBK Offline application is launched
2021-05-27 07:18:04,845  INFO [main] UserTest:58 - maximizing browser window
2021-05-27 07:18:06,329  INFO [main] LoginTest:35 - verifying url of browser
2021-05-27 07:18:06,431  INFO [main] DownloadTest:31 - verifying url of downloadPage
2021-05-27 07:22:13,289  INFO [main] DashboardTest:32 - initializing browser
2021-05-27 07:22:13,292  INFO [main] DashboardTest:36 - chrome browser opened
2021-05-27 07:22:15,370  INFO [main] DashboardTest:54 - JBK Offline application is launched
2021-05-27 07:22:15,911  INFO [main] DashboardTest:58 - maximizing browser window
2021-05-27 07:22:17,085  INFO [main] DownloadTest:32 - initializing browser
2021-05-27 07:22:17,088  INFO [main] DownloadTest:36 - chrome browser opened
2021-05-27 07:22:18,519  INFO [main] DownloadTest:54 - JBK Offline application is launched
2021-05-27 07:22:19,025  INFO [main] DownloadTest:58 - maximizing browser window
2021-05-27 07:22:20,470  INFO [main] LoginTest:32 - initializing browser
2021-05-27 07:22:20,473  INFO [main] LoginTest:36 - chrome browser opened
2021-05-27 07:22:21,698  INFO [main] LoginTest:54 - JBK Offline application is launched
2021-05-27 07:22:22,145  INFO [main] LoginTest:58 - maximizing browser window
2021-05-27 07:22:22,292  INFO [main] OperatorTest:32 - initializing browser
2021-05-27 07:22:22,293  INFO [main] OperatorTest:36 - chrome browser opened
2021-05-27 07:22:23,472  INFO [main] OperatorTest:54 - JBK Offline application is launched
2021-05-27 07:22:23,995  INFO [main] OperatorTest:58 - maximizing browser window
2021-05-27 07:22:25,406  INFO [main] RegisterTest:32 - initializing browser
2021-05-27 07:22:25,409  INFO [main] RegisterTest:36 - chrome browser opened
2021-05-27 07:22:26,645  INFO [main] RegisterTest:54 - JBK Offline application is launched
2021-05-27 07:22:27,182  INFO [main] RegisterTest:58 - maximizing browser window
2021-05-27 07:22:27,522  INFO [main] UseFulLinkTest:32 - initializing browser
2021-05-27 07:22:27,525  INFO [main] UseFulLinkTest:36 - chrome browser opened
2021-05-27 07:22:28,775  INFO [main] UseFulLinkTest:54 - JBK Offline application is launched
2021-05-27 07:22:29,286  INFO [main] UseFulLinkTest:58 - maximizing browser window
2021-05-27 07:22:30,581  INFO [main] UserTest:32 - initializing browser
2021-05-27 07:22:30,584  INFO [main] UserTest:36 - chrome browser opened
2021-05-27 07:22:31,923  INFO [main] UserTest:54 - JBK Offline application is launched
2021-05-27 07:22:32,520  INFO [main] UserTest:58 - maximizing browser window
2021-05-27 07:22:34,009  INFO [main] LoginTest:35 - verifying url of browser
2021-05-27 07:23:19,943  INFO [main] DownloadTest:31 - verifying url of downloadPage
2021-06-06 08:30:24,825  INFO [main] LoginTest:32 - initializing browser
2021-06-06 08:30:24,830  INFO [main] LoginTest:36 - chrome browser opened
2021-06-06 08:30:27,641  INFO [main] LoginTest:54 - JBK Offline application is launched
2021-06-06 08:30:28,197  INFO [main] LoginTest:58 - maximizing browser window
2021-06-06 08:30:28,426  INFO [main] LoginTest:35 - verifying url of browser
2021-06-06 08:30:51,735  INFO [main] LoginTest:32 - initializing browser
2021-06-06 08:30:51,739  INFO [main] LoginTest:36 - chrome browser opened
2021-06-06 08:30:53,909  INFO [main] LoginTest:54 - JBK Offline application is launched
2021-06-06 08:30:54,443  INFO [main] LoginTest:58 - maximizing browser window
2021-06-06 08:30:54,664  INFO [main] LoginTest:35 - verifying url of browser
2021-06-06 08:32:16,003  INFO [main] LoginTest:32 - initializing browser
2021-06-06 08:32:16,007  INFO [main] LoginTest:36 - chrome browser opened
2021-06-06 08:32:18,048  INFO [main] LoginTest:54 - JBK Offline application is launched
2021-06-06 08:32:18,998  INFO [main] LoginTest:58 - maximizing browser window
2021-06-06 08:32:19,212  INFO [main] LoginTest:35 - verifying url of browser
2021-06-06 08:32:58,539  INFO [main] LoginTest:32 - initializing browser
2021-06-06 08:32:58,545  INFO [main] LoginTest:36 - chrome browser opened
2021-06-06 08:33:00,671  INFO [main] LoginTest:54 - JBK Offline application is launched
2021-06-06 08:33:01,777  INFO [main] LoginTest:58 - maximizing browser window
2021-06-06 08:33:01,993  INFO [main] LoginTest:35 - verifying url of browser
2021-06-16 07:57:43,115  INFO [main] LoginTest:32 - initializing browser
2021-06-16 07:57:43,123  INFO [main] LoginTest:36 - chrome browser opened
2021-06-16 07:57:48,042  INFO [main] LoginTest:54 - JBK Offline application is launched
2021-06-16 07:57:48,698  INFO [main] LoginTest:58 - maximizing browser window
2021-06-16 08:02:52,845  INFO [main] LoginTest:32 - initializing browser
2021-06-16 08:03:00,108  INFO [main] LoginTest:36 - chrome browser opened
2021-06-16 08:04:10,978  INFO [main] LoginTest:32 - initializing browser
2021-06-16 08:04:10,982  INFO [main] LoginTest:36 - chrome browser opened
2021-06-16 08:04:12,922  INFO [main] LoginTest:54 - JBK Offline application is launched
2021-06-16 08:04:13,535  INFO [main] LoginTest:58 - maximizing browser window
2021-06-16 08:04:13,729  INFO [main] LoginTest:35 - verifying url of browser
2021-06-18 09:54:56,262  INFO [main] UserTest:32 - initializing browser
2021-06-18 09:54:56,270  INFO [main] UserTest:36 - chrome browser opened
2021-06-18 09:54:59,712  INFO [main] UserTest:54 - JBK Offline application is launched
2021-06-18 09:55:00,309  INFO [main] UserTest:58 - maximizing browser window
2021-07-22 19:04:48,349  INFO [main] DashboardTest:32 - initializing browser
2021-07-22 19:04:48,353  INFO [main] DashboardTest:36 - chrome browser opened
2021-07-22 19:04:50,506  INFO [main] DashboardTest:54 - JBK Offline application is launched
2021-07-22 19:04:51,214  INFO [main] DashboardTest:58 - maximizing browser window
2021-07-22 19:04:52,488  INFO [main] DownloadTest:32 - initializing browser
2021-07-22 19:04:52,491  INFO [main] DownloadTest:36 - chrome browser opened
2021-07-22 19:04:53,720  INFO [main] DownloadTest:54 - JBK Offline application is launched
2021-07-22 19:04:54,701  INFO [main] DownloadTest:58 - maximizing browser window
2021-07-22 19:04:56,128  INFO [main] LoginTest:32 - initializing browser
2021-07-22 19:04:56,130  INFO [main] LoginTest:36 - chrome browser opened
2021-07-22 19:04:57,349  INFO [main] LoginTest:54 - JBK Offline application is launched
2021-07-22 19:04:57,922  INFO [main] LoginTest:58 - maximizing browser window
2021-07-22 19:04:58,068  INFO [main] OperatorTest:32 - initializing browser
2021-07-22 19:04:58,070  INFO [main] OperatorTest:36 - chrome browser opened
2021-07-22 19:04:59,307  INFO [main] OperatorTest:54 - JBK Offline application is launched
2021-07-22 19:04:59,982  INFO [main] OperatorTest:58 - maximizing browser window
2021-07-22 19:05:01,627  INFO [main] RegisterTest:32 - initializing browser
2021-07-22 19:05:01,629  INFO [main] RegisterTest:36 - chrome browser opened
2021-07-22 19:05:02,835  INFO [main] RegisterTest:54 - JBK Offline application is launched
2021-07-22 19:05:03,429  INFO [main] RegisterTest:58 - maximizing browser window
2021-07-22 19:05:03,889  INFO [main] UseFulLinkTest:32 - initializing browser
2021-07-22 19:05:03,891  INFO [main] UseFulLinkTest:36 - chrome browser opened
2021-07-22 19:05:05,097  INFO [main] UseFulLinkTest:54 - JBK Offline application is launched
2021-07-22 19:05:06,092  INFO [main] UseFulLinkTest:58 - maximizing browser window
2021-07-22 19:05:07,516  INFO [main] UserTest:32 - initializing browser
2021-07-22 19:05:07,518  INFO [main] UserTest:36 - chrome browser opened
2021-07-22 19:05:08,817  INFO [main] UserTest:54 - JBK Offline application is launched
2021-07-22 19:05:09,753  INFO [main] UserTest:58 - maximizing browser window
2021-07-22 19:05:11,222  INFO [main] LoginTest:35 - verifying url of browser
2021-07-22 19:06:13,124  INFO [main] DownloadTest:31 - verifying url of downloadPage
2021-07-24 16:05:03,865  INFO [main] DashboardTest:32 - initializing browser
2021-07-24 16:05:03,874  INFO [main] DashboardTest:36 - chrome browser opened
2021-07-24 16:05:07,334  INFO [main] DashboardTest:54 - JBK Offline application is launched
2021-07-24 16:05:07,995  INFO [main] DashboardTest:58 - maximizing browser window
2021-07-24 16:05:09,553  INFO [main] DownloadTest:32 - initializing browser
2021-07-24 16:05:09,557  INFO [main] DownloadTest:36 - chrome browser opened
2021-07-24 16:05:11,439  INFO [main] DownloadTest:54 - JBK Offline application is launched
2021-07-24 16:05:12,323  INFO [main] DownloadTest:58 - maximizing browser window
2021-07-24 16:05:14,195  INFO [main] LoginTest:32 - initializing browser
2021-07-24 16:05:14,199  INFO [main] LoginTest:36 - chrome browser opened
2021-07-24 16:05:16,131  INFO [main] LoginTest:54 - JBK Offline application is launched
2021-07-24 16:05:17,093  INFO [main] LoginTest:58 - maximizing browser window
2021-07-24 16:05:17,341  INFO [main] OperatorTest:32 - initializing browser
2021-07-24 16:05:17,345  INFO [main] OperatorTest:36 - chrome browser opened
2021-07-24 16:05:19,496  INFO [main] OperatorTest:54 - JBK Offline application is launched
2021-07-24 16:05:20,451  INFO [main] OperatorTest:58 - maximizing browser window
2021-07-24 16:05:22,334  INFO [main] RegisterTest:32 - initializing browser
2021-07-24 16:05:22,338  INFO [main] RegisterTest:36 - chrome browser opened
2021-07-24 16:05:24,162  INFO [main] RegisterTest:54 - JBK Offline application is launched
2021-07-24 16:05:25,012  INFO [main] RegisterTest:58 - maximizing browser window
2021-07-24 16:05:25,652  INFO [main] UseFulLinkTest:32 - initializing browser
2021-07-24 16:05:25,656  INFO [main] UseFulLinkTest:36 - chrome browser opened
2021-07-24 16:05:27,862  INFO [main] UseFulLinkTest:54 - JBK Offline application is launched
2021-07-24 16:05:28,851  INFO [main] UseFulLinkTest:58 - maximizing browser window
2021-07-24 16:05:30,856  INFO [main] UserTest:32 - initializing browser
2021-07-24 16:05:30,859  INFO [main] UserTest:36 - chrome browser opened
2021-07-24 16:05:32,565  INFO [main] UserTest:54 - JBK Offline application is launched
2021-07-24 16:05:33,548  INFO [main] UserTest:58 - maximizing browser window
2021-07-24 16:05:35,510  INFO [main] LoginTest:35 - verifying url of browser
2021-07-24 16:06:33,192  INFO [main] DashboardTest:32 - initializing browser
2021-07-24 16:06:33,200  INFO [main] DashboardTest:36 - chrome browser opened
2021-07-24 16:06:36,464  INFO [main] DashboardTest:54 - JBK Offline application is launched
2021-07-24 16:06:37,200  INFO [main] DashboardTest:58 - maximizing browser window
2021-07-24 16:06:38,703  INFO [main] DownloadTest:32 - initializing browser
2021-07-24 16:06:38,707  INFO [main] DownloadTest:36 - chrome browser opened
2021-07-24 16:06:40,526  INFO [main] DownloadTest:54 - JBK Offline application is launched
2021-07-24 16:06:41,456  INFO [main] DownloadTest:58 - maximizing browser window
2021-07-24 16:06:43,504  INFO [main] LoginTest:32 - initializing browser
2021-07-24 16:06:43,507  INFO [main] LoginTest:36 - chrome browser opened
2021-07-24 16:06:45,371  INFO [main] LoginTest:54 - JBK Offline application is launched
2021-07-24 16:06:47,159  INFO [main] LoginTest:58 - maximizing browser window
2021-07-24 16:06:47,400  INFO [main] OperatorTest:32 - initializing browser
2021-07-24 16:06:47,403  INFO [main] OperatorTest:36 - chrome browser opened
2021-07-24 16:06:48,935  INFO [main] OperatorTest:54 - JBK Offline application is launched
2021-07-24 16:06:49,847  INFO [main] OperatorTest:58 - maximizing browser window
2021-07-24 16:06:52,019  INFO [main] RegisterTest:32 - initializing browser
2021-07-24 16:06:52,021  INFO [main] RegisterTest:36 - chrome browser opened
2021-07-24 16:06:54,087  INFO [main] RegisterTest:54 - JBK Offline application is launched
2021-07-24 16:06:54,851  INFO [main] RegisterTest:58 - maximizing browser window
2021-07-24 16:06:55,475  INFO [main] UseFulLinkTest:32 - initializing browser
2021-07-24 16:06:55,478  INFO [main] UseFulLinkTest:36 - chrome browser opened
2021-07-24 16:06:57,331  INFO [main] UseFulLinkTest:54 - JBK Offline application is launched
2021-07-24 16:06:58,159  INFO [main] UseFulLinkTest:58 - maximizing browser window
2021-07-24 16:07:00,744  INFO [main] UserTest:32 - initializing browser
2021-07-24 16:07:00,747  INFO [main] UserTest:36 - chrome browser opened
2021-07-24 16:07:02,490  INFO [main] UserTest:54 - JBK Offline application is launched
2021-07-24 16:07:03,327  INFO [main] UserTest:58 - maximizing browser window
2021-07-24 16:07:05,981  INFO [main] LoginTest:35 - verifying url of browser
2021-07-30 18:13:32,856  INFO [main] OperatorTest:32 - initializing browser
2021-07-30 18:13:32,856  INFO [main] OperatorTest:36 - chrome browser opened
2021-07-30 18:13:35,044  INFO [main] OperatorTest:54 - JBK Offline application is launched
2021-07-30 18:13:35,620  INFO [main] OperatorTest:58 - maximizing browser window
2021-07-30 18:15:42,289  INFO [main] OperatorTest:32 - initializing browser
2021-07-30 18:15:42,289  INFO [main] OperatorTest:36 - chrome browser opened
2021-07-30 18:15:44,178  INFO [main] OperatorTest:54 - JBK Offline application is launched
2021-07-30 18:15:44,670  INFO [main] OperatorTest:58 - maximizing browser window
2021-07-30 18:22:17,716  INFO [main] OperatorTest:32 - initializing browser
2021-07-30 18:22:17,716  INFO [main] OperatorTest:36 - chrome browser opened
2021-07-30 18:22:19,638  INFO [main] OperatorTest:54 - JBK Offline application is launched
2021-07-30 18:22:20,132  INFO [main] OperatorTest:58 - maximizing browser window
2021-07-30 18:25:38,801  INFO [main] OperatorTest:32 - initializing browser
2021-07-30 18:25:38,801  INFO [main] OperatorTest:36 - chrome browser opened
2021-07-30 18:25:40,629  INFO [main] OperatorTest:54 - JBK Offline application is launched
2021-07-30 18:25:41,150  INFO [main] OperatorTest:58 - maximizing browser window
2021-07-30 18:30:41,991  INFO [main] OperatorTest:32 - initializing browser
2021-07-30 18:30:41,991  INFO [main] OperatorTest:36 - chrome browser opened
2021-07-30 18:30:43,922  INFO [main] OperatorTest:54 - JBK Offline application is launched
2021-07-30 18:30:44,466  INFO [main] OperatorTest:58 - maximizing browser window
2021-07-30 18:33:18,774  INFO [main] LoginTest:32 - initializing browser
2021-07-30 18:33:18,774  INFO [main] LoginTest:36 - chrome browser opened
2021-07-30 18:33:20,636  INFO [main] LoginTest:54 - JBK Offline application is launched
2021-07-30 18:33:21,384  INFO [main] LoginTest:58 - maximizing browser window
2021-07-30 18:34:43,458  INFO [main] LoginTest:32 - initializing browser
2021-07-30 18:34:43,458  INFO [main] LoginTest:36 - chrome browser opened
2021-07-30 18:34:45,400  INFO [main] LoginTest:54 - JBK Offline application is launched
2021-07-30 18:34:45,948  INFO [main] LoginTest:58 - maximizing browser window
2021-07-30 18:42:09,533  INFO [main] OperatorTest:32 - initializing browser
2021-07-30 18:42:09,549  INFO [main] OperatorTest:36 - chrome browser opened
2021-07-30 18:42:11,448  INFO [main] OperatorTest:54 - JBK Offline application is launched
2021-07-30 18:42:11,991  INFO [main] OperatorTest:58 - maximizing browser window
2021-07-30 18:46:13,410  INFO [main] OperatorTest:32 - initializing browser
2021-07-30 18:46:13,426  INFO [main] OperatorTest:36 - chrome browser opened
2021-07-30 18:46:15,364  INFO [main] OperatorTest:54 - JBK Offline application is launched
2021-07-30 18:46:15,916  INFO [main] OperatorTest:58 - maximizing browser window
2021-07-30 18:47:17,355  INFO [main] OperatorTest:32 - initializing browser
2021-07-30 18:47:17,355  INFO [main] OperatorTest:36 - chrome browser opened
2021-07-30 18:47:19,289  INFO [main] OperatorTest:54 - JBK Offline application is launched
2021-07-30 18:47:19,788  INFO [main] OperatorTest:58 - maximizing browser window
2021-07-30 18:50:13,800  INFO [main] OperatorTest:32 - initializing browser
2021-07-30 18:50:13,800  INFO [main] OperatorTest:36 - chrome browser opened
2021-07-30 18:50:15,812  INFO [main] OperatorTest:54 - JBK Offline application is launched
2021-07-30 18:50:16,861  INFO [main] OperatorTest:58 - maximizing browser window
2021-07-30 19:09:56,696  INFO [main] OperatorTest:32 - initializing browser
2021-07-30 19:09:56,696  INFO [main] OperatorTest:36 - chrome browser opened
2021-07-30 19:09:58,491  INFO [main] OperatorTest:54 - JBK Offline application is launched
2021-07-30 19:09:59,017  INFO [main] OperatorTest:58 - maximizing browser window
2021-07-30 19:13:00,555  INFO [main] OperatorTest:32 - initializing browser
2021-07-30 19:13:00,555  INFO [main] OperatorTest:36 - chrome browser opened
2021-07-30 19:13:02,420  INFO [main] OperatorTest:54 - JBK Offline application is launched
2021-07-30 19:13:03,172  INFO [main] OperatorTest:58 - maximizing browser window
2021-07-30 19:13:38,698  INFO [main] OperatorTest:32 - initializing browser
2021-07-30 19:13:38,698  INFO [main] OperatorTest:36 - chrome browser opened
2021-07-30 19:13:40,677  INFO [main] OperatorTest:54 - JBK Offline application is launched
2021-07-30 19:13:41,096  INFO [main] OperatorTest:58 - maximizing browser window
2021-07-31 12:24:09,946  INFO [main] DownloadTest:32 - initializing browser
2021-07-31 12:24:09,950  INFO [main] DownloadTest:36 - chrome browser opened
2021-07-31 12:24:11,948  INFO [main] DownloadTest:54 - JBK Offline application is launched
2021-07-31 12:24:12,503  INFO [main] DownloadTest:58 - maximizing browser window
2021-07-31 12:27:42,409  INFO [main] DownloadTest:32 - initializing browser
2021-07-31 12:27:42,413  INFO [main] DownloadTest:36 - chrome browser opened
2021-07-31 12:27:44,324  INFO [main] DownloadTest:54 - JBK Offline application is launched
2021-07-31 12:27:44,831  INFO [main] DownloadTest:58 - maximizing browser window
2021-07-31 12:45:46,052  INFO [main] DownloadTest:32 - initializing browser
2021-07-31 12:45:46,068  INFO [main] DownloadTest:36 - chrome browser opened
2021-07-31 12:45:48,078  INFO [main] DownloadTest:54 - JBK Offline application is launched
2021-07-31 12:45:48,609  INFO [main] DownloadTest:58 - maximizing browser window
2021-07-31 13:02:50,757  INFO [main] DownloadTest:32 - initializing browser
2021-07-31 13:02:50,773  INFO [main] DownloadTest:36 - chrome browser opened
2021-07-31 13:02:52,703  INFO [main] DownloadTest:54 - JBK Offline application is launched
2021-07-31 13:02:53,528  INFO [main] DownloadTest:58 - maximizing browser window
2021-07-31 13:10:41,393  INFO [main] DownloadTest:32 - initializing browser
2021-07-31 13:10:41,409  INFO [main] DownloadTest:36 - chrome browser opened
2021-07-31 13:10:43,334  INFO [main] DownloadTest:54 - JBK Offline application is launched
2021-07-31 13:10:43,950  INFO [main] DownloadTest:58 - maximizing browser window
2021-07-31 13:13:12,548  INFO [main] DownloadTest:32 - initializing browser
2021-07-31 13:13:12,558  INFO [main] DownloadTest:36 - chrome browser opened
2021-07-31 13:13:14,450  INFO [main] DownloadTest:54 - JBK Offline application is launched
2021-07-31 13:13:15,111  INFO [main] DownloadTest:58 - maximizing browser window
2021-07-31 13:16:20,711  INFO [main] DownloadTest:32 - initializing browser
2021-07-31 13:16:20,727  INFO [main] DownloadTest:36 - chrome browser opened
2021-07-31 13:16:22,585  INFO [main] DownloadTest:54 - JBK Offline application is launched
2021-07-31 13:16:23,530  INFO [main] DownloadTest:58 - maximizing browser window
2021-07-31 13:18:05,251  INFO [main] DownloadTest:32 - initializing browser
2021-07-31 13:18:05,256  INFO [main] DownloadTest:36 - chrome browser opened
2021-07-31 13:18:07,094  INFO [main] DownloadTest:54 - JBK Offline application is launched
2021-07-31 13:18:07,587  INFO [main] DownloadTest:58 - maximizing browser window
